15:15:15 **** Incremental Build of configuration Debug for project BMS_MTP_VB.00 ****
make -j16 all 
arm-none-eabi-gcc "../Core/Src/main.c" -mcpu=cortex-m4 -std=gnu11 -g3 -DDEBUG -DUSE_HAL_DRIVER -DSTM32F407xx -c -I../Core/Inc -I../Drivers/STM32F4xx_HAL_Driver/Inc -I../Drivers/STM32F4xx_HAL_Driver/Inc/Legacy -I../Drivers/CMSIS/Device/ST/STM32F4xx/Include -I../Drivers/CMSIS/Include -O0 -ffunction-sections -fdata-sections -Wall -fstack-usage -fcyclomatic-complexity -MMD -MP -MF"Core/Src/main.d" -MT"Core/Src/main.o" --specs=nano.specs -mfpu=fpv4-sp-d16 -mfloat-abi=hard -mthumb -o "Core/Src/main.o"
arm-none-eabi-g++ -o "BMS_MTP_VB.00.elf" @"objects.list"   -mcpu=cortex-m4 -T"D:\Sonia_git\hardware_index_sonia1\BMS_LOG\Software\STM32-DISC1\BMS_MTP_VB.00\BMS_MTP_VB.00\STM32F407VGTX_FLASH.ld" --specs=nosys.specs -Wl,-Map="BMS_MTP_VB.00.map" -Wl,--gc-sections -static --specs=nano.specs -mfpu=fpv4-sp-d16 -mfloat-abi=hard -mthumb -Wl,--start-group -lc -lm -lstdc++ -lsupc++ -Wl,--end-group
Finished building target: BMS_MTP_VB.00.elf
 
arm-none-eabi-size  BMS_MTP_VB.00.elf 
arm-none-eabi-objdump -h -S BMS_MTP_VB.00.elf  > "BMS_MTP_VB.00.list"
   text	   data	    bss	    dec	    hex	filename
  21532	     12	  59084	  80628	  13af4	BMS_MTP_VB.00.elf
Finished building: default.size.stdout
 
Finished building: BMS_MTP_VB.00.list
 
15:16:58 **** Incremental Build of configuration Debug for project BMS_MTP_VB.00 ****
make -j16 all 
arm-none-eabi-gcc "../Core/Processus/processusEPD.c" -mcpu=cortex-m4 -std=gnu11 -g3 -DDEBUG -DUSE_HAL_DRIVER -DSTM32F407xx -c -I../Core/Inc -I../Drivers/STM32F4xx_HAL_Driver/Inc -I../Drivers/STM32F4xx_HAL_Driver/Inc/Legacy -I../Drivers/CMSIS/Device/ST/STM32F4xx/Include -I../Drivers/CMSIS/Include -O0 -ffunction-sections -fdata-sections -Wall -fstack-usage -fcyclomatic-complexity -MMD -MP -MF"Core/Processus/processusEPD.d" -MT"Core/Processus/processusEPD.o" --specs=nano.specs -mfpu=fpv4-sp-d16 -mfloat-abi=hard -mthumb -o "Core/Processus/processusEPD.o"
arm-none-eabi-g++ -o "BMS_MTP_VB.00.elf" @"objects.list"   -mcpu=cortex-m4 -T"D:\Sonia_git\hardware_index_sonia1\BMS_LOG\Software\STM32-DISC1\BMS_MTP_VB.00\BMS_MTP_VB.00\STM32F407VGTX_FLASH.ld" --specs=nosys.specs -Wl,-Map="BMS_MTP_VB.00.map" -Wl,--gc-sections -static --specs=nano.specs -mfpu=fpv4-sp-d16 -mfloat-abi=hard -mthumb -Wl,--start-group -lc -lm -lstdc++ -lsupc++ -Wl,--end-group
Finished building target: BMS_MTP_VB.00.elf
 
arm-none-eabi-size  BMS_MTP_VB.00.elf 
arm-none-eabi-objdump -h -S BMS_MTP_VB.00.elf  > "BMS_MTP_VB.00.list"
   text	   data	    bss	    dec	    hex	filename
  21548	     12	  59084	  80644	  13b04	BMS_MTP_VB.00.elf
Finished building: default.size.stdout
 
Finished building: BMS_MTP_VB.00.list
 
15:18:14 **** Incremental Build of configuration Debug for project BMS_MTP_VB.00 ****
make -j16 all 
arm-none-eabi-gcc "../Core/Processus/processusEPD.c" -mcpu=cortex-m4 -std=gnu11 -g3 -DDEBUG -DUSE_HAL_DRIVER -DSTM32F407xx -c -I../Core/Inc -I../Drivers/STM32F4xx_HAL_Driver/Inc -I../Drivers/STM32F4xx_HAL_Driver/Inc/Legacy -I../Drivers/CMSIS/Device/ST/STM32F4xx/Include -I../Drivers/CMSIS/Include -O0 -ffunction-sections -fdata-sections -Wall -fstack-usage -fcyclomatic-complexity -MMD -MP -MF"Core/Processus/processusEPD.d" -MT"Core/Processus/processusEPD.o" --specs=nano.specs -mfpu=fpv4-sp-d16 -mfloat-abi=hard -mthumb -o "Core/Processus/processusEPD.o"
arm-none-eabi-g++ -o "BMS_MTP_VB.00.elf" @"objects.list"   -mcpu=cortex-m4 -T"D:\Sonia_git\hardware_index_sonia1\BMS_LOG\Software\STM32-DISC1\BMS_MTP_VB.00\BMS_MTP_VB.00\STM32F407VGTX_FLASH.ld" --specs=nosys.specs -Wl,-Map="BMS_MTP_VB.00.map" -Wl,--gc-sections -static --specs=nano.specs -mfpu=fpv4-sp-d16 -mfloat-abi=hard -mthumb -Wl,--start-group -lc -lm -lstdc++ -lsupc++ -Wl,--end-group
Finished building target: BMS_MTP_VB.00.elf
 
arm-none-eabi-size  BMS_MTP_VB.00.elf 
arm-none-eabi-objdump -h -S BMS_MTP_VB.00.elf  > "BMS_MTP_VB.00.list"
   text	   data	    bss	    dec	    hex	filename
  21556	     12	  59084	  80652	  13b0c	BMS_MTP_VB.00.elf
Finished building: default.size.stdout
 
Finished building: BMS_MTP_VB.00.list
 
15:19:35 **** Incremental Build of configuration Debug for project BMS_MTP_VB.00 ****
make -j16 all 
arm-none-eabi-gcc "../Core/Processus/processusEPD.c" -mcpu=cortex-m4 -std=gnu11 -g3 -DDEBUG -DUSE_HAL_DRIVER -DSTM32F407xx -c -I../Core/Inc -I../Drivers/STM32F4xx_HAL_Driver/Inc -I../Drivers/STM32F4xx_HAL_Driver/Inc/Legacy -I../Drivers/CMSIS/Device/ST/STM32F4xx/Include -I../Drivers/CMSIS/Include -O0 -ffunction-sections -fdata-sections -Wall -fstack-usage -fcyclomatic-complexity -MMD -MP -MF"Core/Processus/processusEPD.d" -MT"Core/Processus/processusEPD.o" --specs=nano.specs -mfpu=fpv4-sp-d16 -mfloat-abi=hard -mthumb -o "Core/Processus/processusEPD.o"
arm-none-eabi-g++ -o "BMS_MTP_VB.00.elf" @"objects.list"   -mcpu=cortex-m4 -T"D:\Sonia_git\hardware_index_sonia1\BMS_LOG\Software\STM32-DISC1\BMS_MTP_VB.00\BMS_MTP_VB.00\STM32F407VGTX_FLASH.ld" --specs=nosys.specs -Wl,-Map="BMS_MTP_VB.00.map" -Wl,--gc-sections -static --specs=nano.specs -mfpu=fpv4-sp-d16 -mfloat-abi=hard -mthumb -Wl,--start-group -lc -lm -lstdc++ -lsupc++ -Wl,--end-group
Finished building target: BMS_MTP_VB.00.elf
 
arm-none-eabi-size  BMS_MTP_VB.00.elf 
arm-none-eabi-objdump -h -S BMS_MTP_VB.00.elf  > "BMS_MTP_VB.00.list"
   text	   data	    bss	    dec	    hex	filename
  21556	     12	  59084	  80652	  13b0c	BMS_MTP_VB.00.elf
Finished building: default.size.stdout
 
Finished building: BMS_MTP_VB.00.list
 
15:19:56 **** Incremental Build of configuration Debug for project BMS_MTP_VB.00 ****
make -j16 all 
arm-none-eabi-gcc "../Core/Src/main.c" -mcpu=cortex-m4 -std=gnu11 -g3 -DDEBUG -DUSE_HAL_DRIVER -DSTM32F407xx -c -I../Core/Inc -I../Drivers/STM32F4xx_HAL_Driver/Inc -I../Drivers/STM32F4xx_HAL_Driver/Inc/Legacy -I../Drivers/CMSIS/Device/ST/STM32F4xx/Include -I../Drivers/CMSIS/Include -O0 -ffunction-sections -fdata-sections -Wall -fstack-usage -fcyclomatic-complexity -MMD -MP -MF"Core/Src/main.d" -MT"Core/Src/main.o" --specs=nano.specs -mfpu=fpv4-sp-d16 -mfloat-abi=hard -mthumb -o "Core/Src/main.o"
arm-none-eabi-g++ -o "BMS_MTP_VB.00.elf" @"objects.list"   -mcpu=cortex-m4 -T"D:\Sonia_git\hardware_index_sonia1\BMS_LOG\Software\STM32-DISC1\BMS_MTP_VB.00\BMS_MTP_VB.00\STM32F407VGTX_FLASH.ld" --specs=nosys.specs -Wl,-Map="BMS_MTP_VB.00.map" -Wl,--gc-sections -static --specs=nano.specs -mfpu=fpv4-sp-d16 -mfloat-abi=hard -mthumb -Wl,--start-group -lc -lm -lstdc++ -lsupc++ -Wl,--end-group
Finished building target: BMS_MTP_VB.00.elf
 
arm-none-eabi-size  BMS_MTP_VB.00.elf 
arm-none-eabi-objdump -h -S BMS_MTP_VB.00.elf  > "BMS_MTP_VB.00.list"
   text	   data	    bss	    dec	    hex	filename
  21576	     12	  59084	  80672	  13b20	BMS_MTP_VB.00.elf
Finished building: default.size.stdout
 
Finished building: BMS_MTP_VB.00.list
 
15:20:24 **** Incremental Build of configuration Debug for project BMS_MTP_VB.00 ****
make -j16 all 
arm-none-eabi-gcc "../Core/Src/main.c" -mcpu=cortex-m4 -std=gnu11 -g3 -DDEBUG -DUSE_HAL_DRIVER -DSTM32F407xx -c -I../Core/Inc -I../Drivers/STM32F4xx_HAL_Driver/Inc -I../Drivers/STM32F4xx_HAL_Driver/Inc/Legacy -I../Drivers/CMSIS/Device/ST/STM32F4xx/Include -I../Drivers/CMSIS/Include -O0 -ffunction-sections -fdata-sections -Wall -fstack-usage -fcyclomatic-complexity -MMD -MP -MF"Core/Src/main.d" -MT"Core/Src/main.o" --specs=nano.specs -mfpu=fpv4-sp-d16 -mfloat-abi=hard -mthumb -o "Core/Src/main.o"
arm-none-eabi-g++ -o "BMS_MTP_VB.00.elf" @"objects.list"   -mcpu=cortex-m4 -T"D:\Sonia_git\hardware_index_sonia1\BMS_LOG\Software\STM32-DISC1\BMS_MTP_VB.00\BMS_MTP_VB.00\STM32F407VGTX_FLASH.ld" --specs=nosys.specs -Wl,-Map="BMS_MTP_VB.00.map" -Wl,--gc-sections -static --specs=nano.specs -mfpu=fpv4-sp-d16 -mfloat-abi=hard -mthumb -Wl,--start-group -lc -lm -lstdc++ -lsupc++ -Wl,--end-group
Finished building target: BMS_MTP_VB.00.elf
 
arm-none-eabi-size  BMS_MTP_VB.00.elf 
arm-none-eabi-objdump -h -S BMS_MTP_VB.00.elf  > "BMS_MTP_VB.00.list"
   text	   data	    bss	    dec	    hex	filename
  21596	     12	  59084	  80692	  13b34	BMS_MTP_VB.00.elf
Finished building: default.size.stdout
 
Finished building: BMS_MTP_VB.00.list
 
15:20:44 **** Incremental Build of configuration Debug for project BMS_MTP_VB.00 ****
make -j16 all 
arm-none-eabi-gcc "../Core/Src/main.c" -mcpu=cortex-m4 -std=gnu11 -g3 -DDEBUG -DUSE_HAL_DRIVER -DSTM32F407xx -c -I../Core/Inc -I../Drivers/STM32F4xx_HAL_Driver/Inc -I../Drivers/STM32F4xx_HAL_Driver/Inc/Legacy -I../Drivers/CMSIS/Device/ST/STM32F4xx/Include -I../Drivers/CMSIS/Include -O0 -ffunction-sections -fdata-sections -Wall -fstack-usage -fcyclomatic-complexity -MMD -MP -MF"Core/Src/main.d" -MT"Core/Src/main.o" --specs=nano.specs -mfpu=fpv4-sp-d16 -mfloat-abi=hard -mthumb -o "Core/Src/main.o"
arm-none-eabi-g++ -o "BMS_MTP_VB.00.elf" @"objects.list"   -mcpu=cortex-m4 -T"D:\Sonia_git\hardware_index_sonia1\BMS_LOG\Software\STM32-DISC1\BMS_MTP_VB.00\BMS_MTP_VB.00\STM32F407VGTX_FLASH.ld" --specs=nosys.specs -Wl,-Map="BMS_MTP_VB.00.map" -Wl,--gc-sections -static --specs=nano.specs -mfpu=fpv4-sp-d16 -mfloat-abi=hard -mthumb -Wl,--start-group -lc -lm -lstdc++ -lsupc++ -Wl,--end-group
Finished building target: BMS_MTP_VB.00.elf
 
arm-none-eabi-size  BMS_MTP_VB.00.elf 
arm-none-eabi-objdump -h -S BMS_MTP_VB.00.elf  > "BMS_MTP_VB.00.list"
   text	   data	    bss	    dec	    hex	filename
  21748	     12	  59084	  80844	  13bcc	BMS_MTP_VB.00.elf
Finished building: default.size.stdout
 
Finished building: BMS_MTP_VB.00.list
 
15:21:01 **** Incremental Build of configuration Debug for project BMS_MTP_VB.00 ****
make -j16 all 
arm-none-eabi-gcc "../Core/Src/main.c" -mcpu=cortex-m4 -std=gnu11 -g3 -DDEBUG -DUSE_HAL_DRIVER -DSTM32F407xx -c -I../Core/Inc -I../Drivers/STM32F4xx_HAL_Driver/Inc -I../Drivers/STM32F4xx_HAL_Driver/Inc/Legacy -I../Drivers/CMSIS/Device/ST/STM32F4xx/Include -I../Drivers/CMSIS/Include -O0 -ffunction-sections -fdata-sections -Wall -fstack-usage -fcyclomatic-complexity -MMD -MP -MF"Core/Src/main.d" -MT"Core/Src/main.o" --specs=nano.specs -mfpu=fpv4-sp-d16 -mfloat-abi=hard -mthumb -o "Core/Src/main.o"
arm-none-eabi-g++ -o "BMS_MTP_VB.00.elf" @"objects.list"   -mcpu=cortex-m4 -T"D:\Sonia_git\hardware_index_sonia1\BMS_LOG\Software\STM32-DISC1\BMS_MTP_VB.00\BMS_MTP_VB.00\STM32F407VGTX_FLASH.ld" --specs=nosys.specs -Wl,-Map="BMS_MTP_VB.00.map" -Wl,--gc-sections -static --specs=nano.specs -mfpu=fpv4-sp-d16 -mfloat-abi=hard -mthumb -Wl,--start-group -lc -lm -lstdc++ -lsupc++ -Wl,--end-group
Finished building target: BMS_MTP_VB.00.elf
 
arm-none-eabi-size  BMS_MTP_VB.00.elf 
arm-none-eabi-objdump -h -S BMS_MTP_VB.00.elf  > "BMS_MTP_VB.00.list"
   text	   data	    bss	    dec	    hex	filename
  22204	     12	  59092	  81308	  13d9c	BMS_MTP_VB.00.elf
Finished building: default.size.stdout
 
Finished building: BMS_MTP_VB.00.list
 
15:34:09 **** Incremental Build of configuration Debug for project BMS_MTP_VB.00 ****
make -j16 all 
arm-none-eabi-gcc "../Core/Processus/processusEPD.c" -mcpu=cortex-m4 -std=gnu11 -g3 -DDEBUG -DUSE_HAL_DRIVER -DSTM32F407xx -c -I../Core/Inc -I../Drivers/STM32F4xx_HAL_Driver/Inc -I../Drivers/STM32F4xx_HAL_Driver/Inc/Legacy -I../Drivers/CMSIS/Device/ST/STM32F4xx/Include -I../Drivers/CMSIS/Include -O0 -ffunction-sections -fdata-sections -Wall -fstack-usage -fcyclomatic-complexity -MMD -MP -MF"Core/Processus/processusEPD.d" -MT"Core/Processus/processusEPD.o" --specs=nano.specs -mfpu=fpv4-sp-d16 -mfloat-abi=hard -mthumb -o "Core/Processus/processusEPD.o"
arm-none-eabi-gcc "../Core/Interface/EPD_352_Interface.c" -mcpu=cortex-m4 -std=gnu11 -g3 -DDEBUG -DUSE_HAL_DRIVER -DSTM32F407xx -c -I../Core/Inc -I../Drivers/STM32F4xx_HAL_Driver/Inc -I../Drivers/STM32F4xx_HAL_Driver/Inc/Legacy -I../Drivers/CMSIS/Device/ST/STM32F4xx/Include -I../Drivers/CMSIS/Include -O0 -ffunction-sections -fdata-sections -Wall -fstack-usage -fcyclomatic-complexity -MMD -MP -MF"Core/Interface/EPD_352_Interface.d" -MT"Core/Interface/EPD_352_Interface.o" --specs=nano.specs -mfpu=fpv4-sp-d16 -mfloat-abi=hard -mthumb -o "Core/Interface/EPD_352_Interface.o"
arm-none-eabi-g++ -o "BMS_MTP_VB.00.elf" @"objects.list"   -mcpu=cortex-m4 -T"D:\Sonia_git\hardware_index_sonia1\BMS_LOG\Software\STM32-DISC1\BMS_MTP_VB.00\BMS_MTP_VB.00\STM32F407VGTX_FLASH.ld" --specs=nosys.specs -Wl,-Map="BMS_MTP_VB.00.map" -Wl,--gc-sections -static --specs=nano.specs -mfpu=fpv4-sp-d16 -mfloat-abi=hard -mthumb -Wl,--start-group -lc -lm -lstdc++ -lsupc++ -Wl,--end-group
Finished building target: BMS_MTP_VB.00.elf
 
arm-none-eabi-size  BMS_MTP_VB.00.elf 
arm-none-eabi-objdump -h -S BMS_MTP_VB.00.elf  > "BMS_MTP_VB.00.list"
   text	   data	    bss	    dec	    hex	filename
  22228	     12	  59092	  81332	  13db4	BMS_MTP_VB.00.elf
Finished building: default.size.stdout
 
Finished building: BMS_MTP_VB.00.list
 
15:35:31 **** Incremental Build of configuration Debug for project BMS_MTP_VB.00 ****
make -j16 all 
arm-none-eabi-gcc "../Core/Processus/processusEPD.c" -mcpu=cortex-m4 -std=gnu11 -g3 -DDEBUG -DUSE_HAL_DRIVER -DSTM32F407xx -c -I../Core/Inc -I../Drivers/STM32F4xx_HAL_Driver/Inc -I../Drivers/STM32F4xx_HAL_Driver/Inc/Legacy -I../Drivers/CMSIS/Device/ST/STM32F4xx/Include -I../Drivers/CMSIS/Include -O0 -ffunction-sections -fdata-sections -Wall -fstack-usage -fcyclomatic-complexity -MMD -MP -MF"Core/Processus/processusEPD.d" -MT"Core/Processus/processusEPD.o" --specs=nano.specs -mfpu=fpv4-sp-d16 -mfloat-abi=hard -mthumb -o "Core/Processus/processusEPD.o"
arm-none-eabi-g++ -o "BMS_MTP_VB.00.elf" @"objects.list"   -mcpu=cortex-m4 -T"D:\Sonia_git\hardware_index_sonia1\BMS_LOG\Software\STM32-DISC1\BMS_MTP_VB.00\BMS_MTP_VB.00\STM32F407VGTX_FLASH.ld" --specs=nosys.specs -Wl,-Map="BMS_MTP_VB.00.map" -Wl,--gc-sections -static --specs=nano.specs -mfpu=fpv4-sp-d16 -mfloat-abi=hard -mthumb -Wl,--start-group -lc -lm -lstdc++ -lsupc++ -Wl,--end-group
Finished building target: BMS_MTP_VB.00.elf
 
arm-none-eabi-size  BMS_MTP_VB.00.elf 
arm-none-eabi-objdump -h -S BMS_MTP_VB.00.elf  > "BMS_MTP_VB.00.list"
   text	   data	    bss	    dec	    hex	filename
  22228	     12	  59092	  81332	  13db4	BMS_MTP_VB.00.elf
Finished building: default.size.stdout
 
Finished building: BMS_MTP_VB.00.list
 
15:36:33 **** Incremental Build of configuration Debug for project BMS_MTP_VB.00 ****
make -j16 all 
arm-none-eabi-gcc "../Core/Processus/processusEPD.c" -mcpu=cortex-m4 -std=gnu11 -g3 -DDEBUG -DUSE_HAL_DRIVER -DSTM32F407xx -c -I../Core/Inc -I../Drivers/STM32F4xx_HAL_Driver/Inc -I../Drivers/STM32F4xx_HAL_Driver/Inc/Legacy -I../Drivers/CMSIS/Device/ST/STM32F4xx/Include -I../Drivers/CMSIS/Include -O0 -ffunction-sections -fdata-sections -Wall -fstack-usage -fcyclomatic-complexity -MMD -MP -MF"Core/Processus/processusEPD.d" -MT"Core/Processus/processusEPD.o" --specs=nano.specs -mfpu=fpv4-sp-d16 -mfloat-abi=hard -mthumb -o "Core/Processus/processusEPD.o"
arm-none-eabi-g++ -o "BMS_MTP_VB.00.elf" @"objects.list"   -mcpu=cortex-m4 -T"D:\Sonia_git\hardware_index_sonia1\BMS_LOG\Software\STM32-DISC1\BMS_MTP_VB.00\BMS_MTP_VB.00\STM32F407VGTX_FLASH.ld" --specs=nosys.specs -Wl,-Map="BMS_MTP_VB.00.map" -Wl,--gc-sections -static --specs=nano.specs -mfpu=fpv4-sp-d16 -mfloat-abi=hard -mthumb -Wl,--start-group -lc -lm -lstdc++ -lsupc++ -Wl,--end-group
Finished building target: BMS_MTP_VB.00.elf
 
arm-none-eabi-size  BMS_MTP_VB.00.elf 
arm-none-eabi-objdump -h -S BMS_MTP_VB.00.elf  > "BMS_MTP_VB.00.list"
   text	   data	    bss	    dec	    hex	filename
  22228	     12	  59092	  81332	  13db4	BMS_MTP_VB.00.elf
Finished building: default.size.stdout
 
Finished building: BMS_MTP_VB.00.list
 
15:38:45 **** Incremental Build of configuration Debug for project BMS_MTP_VB.00 ****
make -j16 all 
arm-none-eabi-gcc "../Core/Src/main.c" -mcpu=cortex-m4 -std=gnu11 -g3 -DDEBUG -DUSE_HAL_DRIVER -DSTM32F407xx -c -I../Core/Inc -I../Drivers/STM32F4xx_HAL_Driver/Inc -I../Drivers/STM32F4xx_HAL_Driver/Inc/Legacy -I../Drivers/CMSIS/Device/ST/STM32F4xx/Include -I../Drivers/CMSIS/Include -O0 -ffunction-sections -fdata-sections -Wall -fstack-usage -fcyclomatic-complexity -MMD -MP -MF"Core/Src/main.d" -MT"Core/Src/main.o" --specs=nano.specs -mfpu=fpv4-sp-d16 -mfloat-abi=hard -mthumb -o "Core/Src/main.o"
arm-none-eabi-gcc "../Core/Src/stm32f4xx_hal_msp.c" -mcpu=cortex-m4 -std=gnu11 -g3 -DDEBUG -DUSE_HAL_DRIVER -DSTM32F407xx -c -I../Core/Inc -I../Drivers/STM32F4xx_HAL_Driver/Inc -I../Drivers/STM32F4xx_HAL_Driver/Inc/Legacy -I../Drivers/CMSIS/Device/ST/STM32F4xx/Include -I../Drivers/CMSIS/Include -O0 -ffunction-sections -fdata-sections -Wall -fstack-usage -fcyclomatic-complexity -MMD -MP -MF"Core/Src/stm32f4xx_hal_msp.d" -MT"Core/Src/stm32f4xx_hal_msp.o" --specs=nano.specs -mfpu=fpv4-sp-d16 -mfloat-abi=hard -mthumb -o "Core/Src/stm32f4xx_hal_msp.o"
arm-none-eabi-gcc "../Core/Src/stm32f4xx_it.c" -mcpu=cortex-m4 -std=gnu11 -g3 -DDEBUG -DUSE_HAL_DRIVER -DSTM32F407xx -c -I../Core/Inc -I../Drivers/STM32F4xx_HAL_Driver/Inc -I../Drivers/STM32F4xx_HAL_Driver/Inc/Legacy -I../Drivers/CMSIS/Device/ST/STM32F4xx/Include -I../Drivers/CMSIS/Include -O0 -ffunction-sections -fdata-sections -Wall -fstack-usage -fcyclomatic-complexity -MMD -MP -MF"Core/Src/stm32f4xx_it.d" -MT"Core/Src/stm32f4xx_it.o" --specs=nano.specs -mfpu=fpv4-sp-d16 -mfloat-abi=hard -mthumb -o "Core/Src/stm32f4xx_it.o"
arm-none-eabi-gcc "../Core/Service/serviceBaseDeTemps.c" -mcpu=cortex-m4 -std=gnu11 -g3 -DDEBUG -DUSE_HAL_DRIVER -DSTM32F407xx -c -I../Core/Inc -I../Drivers/STM32F4xx_HAL_Driver/Inc -I../Drivers/STM32F4xx_HAL_Driver/Inc/Legacy -I../Drivers/CMSIS/Device/ST/STM32F4xx/Include -I../Drivers/CMSIS/Include -O0 -ffunction-sections -fdata-sections -Wall -fstack-usage -fcyclomatic-complexity -MMD -MP -MF"Core/Service/serviceBaseDeTemps.d" -MT"Core/Service/serviceBaseDeTemps.o" --specs=nano.specs -mfpu=fpv4-sp-d16 -mfloat-abi=hard -mthumb -o "Core/Service/serviceBaseDeTemps.o"
arm-none-eabi-gcc "../Core/Processus/processusBMS.c" -mcpu=cortex-m4 -std=gnu11 -g3 -DDEBUG -DUSE_HAL_DRIVER -DSTM32F407xx -c -I../Core/Inc -I../Drivers/STM32F4xx_HAL_Driver/Inc -I../Drivers/STM32F4xx_HAL_Driver/Inc/Legacy -I../Drivers/CMSIS/Device/ST/STM32F4xx/Include -I../Drivers/CMSIS/Include -O0 -ffunction-sections -fdata-sections -Wall -fstack-usage -fcyclomatic-complexity -MMD -MP -MF"Core/Processus/processusBMS.d" -MT"Core/Processus/processusBMS.o" --specs=nano.specs -mfpu=fpv4-sp-d16 -mfloat-abi=hard -mthumb -o "Core/Processus/processusBMS.o"
arm-none-eabi-gcc "../Core/Processus/processusClignotant.c" -mcpu=cortex-m4 -std=gnu11 -g3 -DDEBUG -DUSE_HAL_DRIVER -DSTM32F407xx -c -I../Core/Inc -I../Drivers/STM32F4xx_HAL_Driver/Inc -I../Drivers/STM32F4xx_HAL_Driver/Inc/Legacy -I../Drivers/CMSIS/Device/ST/STM32F4xx/Include -I../Drivers/CMSIS/Include -O0 -ffunction-sections -fdata-sections -Wall -fstack-usage -fcyclomatic-complexity -MMD -MP -MF"Core/Processus/processusClignotant.d" -MT"Core/Processus/processusClignotant.o" --specs=nano.specs -mfpu=fpv4-sp-d16 -mfloat-abi=hard -mthumb -o "Core/Processus/processusClignotant.o"
arm-none-eabi-gcc "../Core/Processus/processusEPD.c" -mcpu=cortex-m4 -std=gnu11 -g3 -DDEBUG -DUSE_HAL_DRIVER -DSTM32F407xx -c -I../Core/Inc -I../Drivers/STM32F4xx_HAL_Driver/Inc -I../Drivers/STM32F4xx_HAL_Driver/Inc/Legacy -I../Drivers/CMSIS/Device/ST/STM32F4xx/Include -I../Drivers/CMSIS/Include -O0 -ffunction-sections -fdata-sections -Wall -fstack-usage -fcyclomatic-complexity -MMD -MP -MF"Core/Processus/processusEPD.d" -MT"Core/Processus/processusEPD.o" --specs=nano.specs -mfpu=fpv4-sp-d16 -mfloat-abi=hard -mthumb -o "Core/Processus/processusEPD.o"
arm-none-eabi-gcc "../Core/Pilote/piloteI2C.c" -mcpu=cortex-m4 -std=gnu11 -g3 -DDEBUG -DUSE_HAL_DRIVER -DSTM32F407xx -c -I../Core/Inc -I../Drivers/STM32F4xx_HAL_Driver/Inc -I../Drivers/STM32F4xx_HAL_Driver/Inc/Legacy -I../Drivers/CMSIS/Device/ST/STM32F4xx/Include -I../Drivers/CMSIS/Include -O0 -ffunction-sections -fdata-sections -Wall -fstack-usage -fcyclomatic-complexity -MMD -MP -MF"Core/Pilote/piloteI2C.d" -MT"Core/Pilote/piloteI2C.o" --specs=nano.specs -mfpu=fpv4-sp-d16 -mfloat-abi=hard -mthumb -o "Core/Pilote/piloteI2C.o"
arm-none-eabi-gcc "../Core/Pilote/piloteIOB1.c" -mcpu=cortex-m4 -std=gnu11 -g3 -DDEBUG -DUSE_HAL_DRIVER -DSTM32F407xx -c -I../Core/Inc -I../Drivers/STM32F4xx_HAL_Driver/Inc -I../Drivers/STM32F4xx_HAL_Driver/Inc/Legacy -I../Drivers/CMSIS/Device/ST/STM32F4xx/Include -I../Drivers/CMSIS/Include -O0 -ffunction-sections -fdata-sections -Wall -fstack-usage -fcyclomatic-complexity -MMD -MP -MF"Core/Pilote/piloteIOB1.d" -MT"Core/Pilote/piloteIOB1.o" --specs=nano.specs -mfpu=fpv4-sp-d16 -mfloat-abi=hard -mthumb -o "Core/Pilote/piloteIOB1.o"
arm-none-eabi-gcc "../Core/Pilote/piloteIOT1.c" -mcpu=cortex-m4 -std=gnu11 -g3 -DDEBUG -DUSE_HAL_DRIVER -DSTM32F407xx -c -I../Core/Inc -I../Drivers/STM32F4xx_HAL_Driver/Inc -I../Drivers/STM32F4xx_HAL_Driver/Inc/Legacy -I../Drivers/CMSIS/Device/ST/STM32F4xx/Include -I../Drivers/CMSIS/Include -O0 -ffunction-sections -fdata-sections -Wall -fstack-usage -fcyclomatic-complexity -MMD -MP -MF"Core/Pilote/piloteIOT1.d" -MT"Core/Pilote/piloteIOT1.o" --specs=nano.specs -mfpu=fpv4-sp-d16 -mfloat-abi=hard -mthumb -o "Core/Pilote/piloteIOT1.o"
arm-none-eabi-gcc "../Core/Pilote/piloteIOT2.c" -mcpu=cortex-m4 -std=gnu11 -g3 -DDEBUG -DUSE_HAL_DRIVER -DSTM32F407xx -c -I../Core/Inc -I../Drivers/STM32F4xx_HAL_Driver/Inc -I../Drivers/STM32F4xx_HAL_Driver/Inc/Legacy -I../Drivers/CMSIS/Device/ST/STM32F4xx/Include -I../Drivers/CMSIS/Include -O0 -ffunction-sections -fdata-sections -Wall -fstack-usage -fcyclomatic-complexity -MMD -MP -MF"Core/Pilote/piloteIOT2.d" -MT"Core/Pilote/piloteIOT2.o" --specs=nano.specs -mfpu=fpv4-sp-d16 -mfloat-abi=hard -mthumb -o "Core/Pilote/piloteIOT2.o"
arm-none-eabi-gcc "../Core/Pilote/piloteIOT3.c" -mcpu=cortex-m4 -std=gnu11 -g3 -DDEBUG -DUSE_HAL_DRIVER -DSTM32F407xx -c -I../Core/Inc -I../Drivers/STM32F4xx_HAL_Driver/Inc -I../Drivers/STM32F4xx_HAL_Driver/Inc/Legacy -I../Drivers/CMSIS/Device/ST/STM32F4xx/Include -I../Drivers/CMSIS/Include -O0 -ffunction-sections -fdata-sections -Wall -fstack-usage -fcyclomatic-complexity -MMD -MP -MF"Core/Pilote/piloteIOT3.d" -MT"Core/Pilote/piloteIOT3.o" --specs=nano.specs -mfpu=fpv4-sp-d16 -mfloat-abi=hard -mthumb -o "Core/Pilote/piloteIOT3.o"
arm-none-eabi-gcc "../Core/Pilote/piloteIOT4.c" -mcpu=cortex-m4 -std=gnu11 -g3 -DDEBUG -DUSE_HAL_DRIVER -DSTM32F407xx -c -I../Core/Inc -I../Drivers/STM32F4xx_HAL_Driver/Inc -I../Drivers/STM32F4xx_HAL_Driver/Inc/Legacy -I../Drivers/CMSIS/Device/ST/STM32F4xx/Include -I../Drivers/CMSIS/Include -O0 -ffunction-sections -fdata-sections -Wall -fstack-usage -fcyclomatic-complexity -MMD -MP -MF"Core/Pilote/piloteIOT4.d" -MT"Core/Pilote/piloteIOT4.o" --specs=nano.specs -mfpu=fpv4-sp-d16 -mfloat-abi=hard -mthumb -o "Core/Pilote/piloteIOT4.o"
arm-none-eabi-gcc "../Core/Pilote/piloteSPI.c" -mcpu=cortex-m4 -std=gnu11 -g3 -DDEBUG -DUSE_HAL_DRIVER -DSTM32F407xx -c -I../Core/Inc -I../Drivers/STM32F4xx_HAL_Driver/Inc -I../Drivers/STM32F4xx_HAL_Driver/Inc/Legacy -I../Drivers/CMSIS/Device/ST/STM32F4xx/Include -I../Drivers/CMSIS/Include -O0 -ffunction-sections -fdata-sections -Wall -fstack-usage -fcyclomatic-complexity -MMD -MP -MF"Core/Pilote/piloteSPI.d" -MT"Core/Pilote/piloteSPI.o" --specs=nano.specs -mfpu=fpv4-sp-d16 -mfloat-abi=hard -mthumb -o "Core/Pilote/piloteSPI.o"
arm-none-eabi-gcc "../Core/Pilote/piloteSPI_EPAPER.c" -mcpu=cortex-m4 -std=gnu11 -g3 -DDEBUG -DUSE_HAL_DRIVER -DSTM32F407xx -c -I../Core/Inc -I../Drivers/STM32F4xx_HAL_Driver/Inc -I../Drivers/STM32F4xx_HAL_Driver/Inc/Legacy -I../Drivers/CMSIS/Device/ST/STM32F4xx/Include -I../Drivers/CMSIS/Include -O0 -ffunction-sections -fdata-sections -Wall -fstack-usage -fcyclomatic-complexity -MMD -MP -MF"Core/Pilote/piloteSPI_EPAPER.d" -MT"Core/Pilote/piloteSPI_EPAPER.o" --specs=nano.specs -mfpu=fpv4-sp-d16 -mfloat-abi=hard -mthumb -o "Core/Pilote/piloteSPI_EPAPER.o"
arm-none-eabi-gcc "../Core/Pilote/piloteTimer6Up.c" -mcpu=cortex-m4 -std=gnu11 -g3 -DDEBUG -DUSE_HAL_DRIVER -DSTM32F407xx -c -I../Core/Inc -I../Drivers/STM32F4xx_HAL_Driver/Inc -I../Drivers/STM32F4xx_HAL_Driver/Inc/Legacy -I../Drivers/CMSIS/Device/ST/STM32F4xx/Include -I../Drivers/CMSIS/Include -O0 -ffunction-sections -fdata-sections -Wall -fstack-usage -fcyclomatic-complexity -MMD -MP -MF"Core/Pilote/piloteTimer6Up.d" -MT"Core/Pilote/piloteTimer6Up.o" --specs=nano.specs -mfpu=fpv4-sp-d16 -mfloat-abi=hard -mthumb -o "Core/Pilote/piloteTimer6Up.o"
arm-none-eabi-gcc "../Core/Interface/EPD_352_Interface.c" -mcpu=cortex-m4 -std=gnu11 -g3 -DDEBUG -DUSE_HAL_DRIVER -DSTM32F407xx -c -I../Core/Inc -I../Drivers/STM32F4xx_HAL_Driver/Inc -I../Drivers/STM32F4xx_HAL_Driver/Inc/Legacy -I../Drivers/CMSIS/Device/ST/STM32F4xx/Include -I../Drivers/CMSIS/Include -O0 -ffunction-sections -fdata-sections -Wall -fstack-usage -fcyclomatic-complexity -MMD -MP -MF"Core/Interface/EPD_352_Interface.d" -MT"Core/Interface/EPD_352_Interface.o" --specs=nano.specs -mfpu=fpv4-sp-d16 -mfloat-abi=hard -mthumb -o "Core/Interface/EPD_352_Interface.o"
arm-none-eabi-gcc "../Core/Interface/interfaceB1.c" -mcpu=cortex-m4 -std=gnu11 -g3 -DDEBUG -DUSE_HAL_DRIVER -DSTM32F407xx -c -I../Core/Inc -I../Drivers/STM32F4xx_HAL_Driver/Inc -I../Drivers/STM32F4xx_HAL_Driver/Inc/Legacy -I../Drivers/CMSIS/Device/ST/STM32F4xx/Include -I../Drivers/CMSIS/Include -O0 -ffunction-sections -fdata-sections -Wall -fstack-usage -fcyclomatic-complexity -MMD -MP -MF"Core/Interface/interfaceB1.d" -MT"Core/Interface/interfaceB1.o" --specs=nano.specs -mfpu=fpv4-sp-d16 -mfloat-abi=hard -mthumb -o "Core/Interface/interfaceB1.o"
arm-none-eabi-gcc "../Core/Interface/interface_LED3_Orange.c" -mcpu=cortex-m4 -std=gnu11 -g3 -DDEBUG -DUSE_HAL_DRIVER -DSTM32F407xx -c -I../Core/Inc -I../Drivers/STM32F4xx_HAL_Driver/Inc -I../Drivers/STM32F4xx_HAL_Driver/Inc/Legacy -I../Drivers/CMSIS/Device/ST/STM32F4xx/Include -I../Drivers/CMSIS/Include -O0 -ffunction-sections -fdata-sections -Wall -fstack-usage -fcyclomatic-complexity -MMD -MP -MF"Core/Interface/interface_LED3_Orange.d" -MT"Core/Interface/interface_LED3_Orange.o" --specs=nano.specs -mfpu=fpv4-sp-d16 -mfloat-abi=hard -mthumb -o "Core/Interface/interface_LED3_Orange.o"
arm-none-eabi-gcc "../Core/Interface/interface_LED4_Vert.c" -mcpu=cortex-m4 -std=gnu11 -g3 -DDEBUG -DUSE_HAL_DRIVER -DSTM32F407xx -c -I../Core/Inc -I../Drivers/STM32F4xx_HAL_Driver/Inc -I../Drivers/STM32F4xx_HAL_Driver/Inc/Legacy -I../Drivers/CMSIS/Device/ST/STM32F4xx/Include -I../Drivers/CMSIS/Include -O0 -ffunction-sections -fdata-sections -Wall -fstack-usage -fcyclomatic-complexity -MMD -MP -MF"Core/Interface/interface_LED4_Vert.d" -MT"Core/Interface/interface_LED4_Vert.o" --specs=nano.specs -mfpu=fpv4-sp-d16 -mfloat-abi=hard -mthumb -o "Core/Interface/interface_LED4_Vert.o"
arm-none-eabi-gcc "../Core/Interface/interface_LED5_Rouge.c" -mcpu=cortex-m4 -std=gnu11 -g3 -DDEBUG -DUSE_HAL_DRIVER -DSTM32F407xx -c -I../Core/Inc -I../Drivers/STM32F4xx_HAL_Driver/Inc -I../Drivers/STM32F4xx_HAL_Driver/Inc/Legacy -I../Drivers/CMSIS/Device/ST/STM32F4xx/Include -I../Drivers/CMSIS/Include -O0 -ffunction-sections -fdata-sections -Wall -fstack-usage -fcyclomatic-complexity -MMD -MP -MF"Core/Interface/interface_LED5_Rouge.d" -MT"Core/Interface/interface_LED5_Rouge.o" --specs=nano.specs -mfpu=fpv4-sp-d16 -mfloat-abi=hard -mthumb -o "Core/Interface/interface_LED5_Rouge.o"
arm-none-eabi-gcc "../Core/Interface/interface_LED6_Blue.c" -mcpu=cortex-m4 -std=gnu11 -g3 -DDEBUG -DUSE_HAL_DRIVER -DSTM32F407xx -c -I../Core/Inc -I../Drivers/STM32F4xx_HAL_Driver/Inc -I../Drivers/STM32F4xx_HAL_Driver/Inc/Legacy -I../Drivers/CMSIS/Device/ST/STM32F4xx/Include -I../Drivers/CMSIS/Include -O0 -ffunction-sections -fdata-sections -Wall -fstack-usage -fcyclomatic-complexity -MMD -MP -MF"Core/Interface/interface_LED6_Blue.d" -MT"Core/Interface/interface_LED6_Blue.o" --specs=nano.specs -mfpu=fpv4-sp-d16 -mfloat-abi=hard -mthumb -o "Core/Interface/interface_LED6_Blue.o"
arm-none-eabi-g++ -o "BMS_MTP_VB.00.elf" @"objects.list"   -mcpu=cortex-m4 -T"D:\Sonia_git\hardware_index_sonia1\BMS_LOG\Software\STM32-DISC1\BMS_MTP_VB.00\BMS_MTP_VB.00\STM32F407VGTX_FLASH.ld" --specs=nosys.specs -Wl,-Map="BMS_MTP_VB.00.map" -Wl,--gc-sections -static --specs=nano.specs -mfpu=fpv4-sp-d16 -mfloat-abi=hard -mthumb -Wl,--start-group -lc -lm -lstdc++ -lsupc++ -Wl,--end-group
Finished building target: BMS_MTP_VB.00.elf
 
arm-none-eabi-size  BMS_MTP_VB.00.elf 
arm-none-eabi-objdump -h -S BMS_MTP_VB.00.elf  > "BMS_MTP_VB.00.list"
   text	   data	    bss	    dec	    hex	filename
  22232	     12	  59092	  81336	  13db8	BMS_MTP_VB.00.elf
Finished building: default.size.stdout
 
Finished building: BMS_MTP_VB.00.list
 
16:05:54 **** Incremental Build of configuration Debug for project BMS_MTP_VB.00 ****
make -j16 all 
arm-none-eabi-gcc "../Core/Interface/EPD_352_Interface.c" -mcpu=cortex-m4 -std=gnu11 -g3 -DDEBUG -DUSE_HAL_DRIVER -DSTM32F407xx -c -I../Core/Inc -I../Drivers/STM32F4xx_HAL_Driver/Inc -I../Drivers/STM32F4xx_HAL_Driver/Inc/Legacy -I../Drivers/CMSIS/Device/ST/STM32F4xx/Include -I../Drivers/CMSIS/Include -O0 -ffunction-sections -fdata-sections -Wall -fstack-usage -fcyclomatic-complexity -MMD -MP -MF"Core/Interface/EPD_352_Interface.d" -MT"Core/Interface/EPD_352_Interface.o" --specs=nano.specs -mfpu=fpv4-sp-d16 -mfloat-abi=hard -mthumb -o "Core/Interface/EPD_352_Interface.o"
arm-none-eabi-g++ -o "BMS_MTP_VB.00.elf" @"objects.list"   -mcpu=cortex-m4 -T"D:\Sonia_git\hardware_index_sonia1\BMS_LOG\Software\STM32-DISC1\BMS_MTP_VB.00\BMS_MTP_VB.00\STM32F407VGTX_FLASH.ld" --specs=nosys.specs -Wl,-Map="BMS_MTP_VB.00.map" -Wl,--gc-sections -static --specs=nano.specs -mfpu=fpv4-sp-d16 -mfloat-abi=hard -mthumb -Wl,--start-group -lc -lm -lstdc++ -lsupc++ -Wl,--end-group
Finished building target: BMS_MTP_VB.00.elf
 
arm-none-eabi-size  BMS_MTP_VB.00.elf 
arm-none-eabi-objdump -h -S BMS_MTP_VB.00.elf  > "BMS_MTP_VB.00.list"
   text	   data	    bss	    dec	    hex	filename
  22232	     12	  59092	  81336	  13db8	BMS_MTP_VB.00.elf
Finished building: default.size.stdout
 
Finished building: BMS_MTP_VB.00.list
 
16:07:51 **** Incremental Build of configuration Debug for project BMS_MTP_VB.00 ****
make -j16 all 
arm-none-eabi-size  BMS_MTP_VB.00.elf 
   text	   data	    bss	    dec	    hex	filename
  22232	     12	  59092	  81336	  13db8	BMS_MTP_VB.00.elf
Finished building: default.size.stdout
 
16:13:18 **** Incremental Build of configuration Debug for project BMS_MTP_VB.00 ****
make -j16 all 
arm-none-eabi-gcc "../Core/Src/main.c" -mcpu=cortex-m4 -std=gnu11 -g3 -DDEBUG -DUSE_HAL_DRIVER -DSTM32F407xx -c -I../Core/Inc -I../Drivers/STM32F4xx_HAL_Driver/Inc -I../Drivers/STM32F4xx_HAL_Driver/Inc/Legacy -I../Drivers/CMSIS/Device/ST/STM32F4xx/Include -I../Drivers/CMSIS/Include -O0 -ffunction-sections -fdata-sections -Wall -fstack-usage -fcyclomatic-complexity -MMD -MP -MF"Core/Src/main.d" -MT"Core/Src/main.o" --specs=nano.specs -mfpu=fpv4-sp-d16 -mfloat-abi=hard -mthumb -o "Core/Src/main.o"
arm-none-eabi-gcc "../Core/Interface/EPD_352_Interface.c" -mcpu=cortex-m4 -std=gnu11 -g3 -DDEBUG -DUSE_HAL_DRIVER -DSTM32F407xx -c -I../Core/Inc -I../Drivers/STM32F4xx_HAL_Driver/Inc -I../Drivers/STM32F4xx_HAL_Driver/Inc/Legacy -I../Drivers/CMSIS/Device/ST/STM32F4xx/Include -I../Drivers/CMSIS/Include -O0 -ffunction-sections -fdata-sections -Wall -fstack-usage -fcyclomatic-complexity -MMD -MP -MF"Core/Interface/EPD_352_Interface.d" -MT"Core/Interface/EPD_352_Interface.o" --specs=nano.specs -mfpu=fpv4-sp-d16 -mfloat-abi=hard -mthumb -o "Core/Interface/EPD_352_Interface.o"
arm-none-eabi-g++ -o "BMS_MTP_VB.00.elf" @"objects.list"   -mcpu=cortex-m4 -T"D:\Sonia_git\hardware_index_sonia1\BMS_LOG\Software\STM32-DISC1\BMS_MTP_VB.00\BMS_MTP_VB.00\STM32F407VGTX_FLASH.ld" --specs=nosys.specs -Wl,-Map="BMS_MTP_VB.00.map" -Wl,--gc-sections -static --specs=nano.specs -mfpu=fpv4-sp-d16 -mfloat-abi=hard -mthumb -Wl,--start-group -lc -lm -lstdc++ -lsupc++ -Wl,--end-group
Finished building target: BMS_MTP_VB.00.elf
 
arm-none-eabi-size  BMS_MTP_VB.00.elf 
arm-none-eabi-objdump -h -S BMS_MTP_VB.00.elf  > "BMS_MTP_VB.00.list"
   text	   data	    bss	    dec	    hex	filename
  22236	     12	  59092	  81340	  13dbc	BMS_MTP_VB.00.elf
Finished building: default.size.stdout
 
Finished building: BMS_MTP_VB.00.list
 
16:52:47 **** Incremental Build of configuration Debug for project BMS_MTP_VB.00 ****
make -j16 all 
arm-none-eabi-gcc "../Core/Src/main.c" -mcpu=cortex-m4 -std=gnu11 -g3 -DDEBUG -DUSE_HAL_DRIVER -DSTM32F407xx -c -I../Core/Inc -I../Drivers/STM32F4xx_HAL_Driver/Inc -I../Drivers/STM32F4xx_HAL_Driver/Inc/Legacy -I../Drivers/CMSIS/Device/ST/STM32F4xx/Include -I../Drivers/CMSIS/Include -O0 -ffunction-sections -fdata-sections -Wall -fstack-usage -fcyclomatic-complexity -MMD -MP -MF"Core/Src/main.d" -MT"Core/Src/main.o" --specs=nano.specs -mfpu=fpv4-sp-d16 -mfloat-abi=hard -mthumb -o "Core/Src/main.o"
arm-none-eabi-gcc "../Core/Interface/EPD_352_Interface.c" -mcpu=cortex-m4 -std=gnu11 -g3 -DDEBUG -DUSE_HAL_DRIVER -DSTM32F407xx -c -I../Core/Inc -I../Drivers/STM32F4xx_HAL_Driver/Inc -I../Drivers/STM32F4xx_HAL_Driver/Inc/Legacy -I../Drivers/CMSIS/Device/ST/STM32F4xx/Include -I../Drivers/CMSIS/Include -O0 -ffunction-sections -fdata-sections -Wall -fstack-usage -fcyclomatic-complexity -MMD -MP -MF"Core/Interface/EPD_352_Interface.d" -MT"Core/Interface/EPD_352_Interface.o" --specs=nano.specs -mfpu=fpv4-sp-d16 -mfloat-abi=hard -mthumb -o "Core/Interface/EPD_352_Interface.o"
../Core/Interface/EPD_352_Interface.c: In function 'interfaceEPD_gere':
../Core/Interface/EPD_352_Interface.c:397:9: warning: implicit declaration of function 'interface_LED3_Orange_Eteint'; did you mean 'interface_LED3_Orange_eteint'? [-Wimplicit-function-declaration]
  397 |         interface_LED3_Orange_Eteint();
      |         ^~~~~~~~~~~~~~~~~~~~~~~~~~~~
      |         interface_LED3_Orange_eteint
../Core/Interface/EPD_352_Interface.c: In function 'interfaceEPD_INITALISE_Delay1':
../Core/Interface/EPD_352_Interface.c:463:9: warning: implicit declaration of function 'Pilote_RST_EPAPER_MetAUn'; did you mean 'Pilote_RST_EPAPER_metAUn'? [-Wimplicit-function-declaration]
  463 |         Pilote_RST_EPAPER_MetAUn();
      |         ^~~~~~~~~~~~~~~~~~~~~~~~
      |         Pilote_RST_EPAPER_metAUn
../Core/Src/main.c:70:25: error: expected identifier or '(' before '^' token
   70 | TIM_HandleTypeDef htim6;^
      |                         ^
../Core/Src/main.c: In function 'MX_USART2_UART_Init':
../Core/Src/main.c:400:3: error: 'huart2' undeclared (first use in this function)
  400 |   huart2.Instance = USART2;
      |   ^~~~~~
../Core/Src/main.c:400:3: note: each undeclared identifier is reported only once for each function it appears in
make: *** [Core/Src/subdir.mk:34: Core/Src/main.o] Error 1
make: *** Waiting for unfinished jobs....
"make -j16 all" terminated with exit code 2. Build might be incomplete.
16:53:38 **** Incremental Build of configuration Debug for project BMS_MTP_VB.00 ****
make -j16 all 
arm-none-eabi-gcc "../Core/Src/main.c" -mcpu=cortex-m4 -std=gnu11 -g3 -DDEBUG -DUSE_HAL_DRIVER -DSTM32F407xx -c -I../Core/Inc -I../Drivers/STM32F4xx_HAL_Driver/Inc -I../Drivers/STM32F4xx_HAL_Driver/Inc/Legacy -I../Drivers/CMSIS/Device/ST/STM32F4xx/Include -I../Drivers/CMSIS/Include -O0 -ffunction-sections -fdata-sections -Wall -fstack-usage -fcyclomatic-complexity -MMD -MP -MF"Core/Src/main.d" -MT"Core/Src/main.o" --specs=nano.specs -mfpu=fpv4-sp-d16 -mfloat-abi=hard -mthumb -o "Core/Src/main.o"
arm-none-eabi-gcc "../Core/Interface/EPD_352_Interface.c" -mcpu=cortex-m4 -std=gnu11 -g3 -DDEBUG -DUSE_HAL_DRIVER -DSTM32F407xx -c -I../Core/Inc -I../Drivers/STM32F4xx_HAL_Driver/Inc -I../Drivers/STM32F4xx_HAL_Driver/Inc/Legacy -I../Drivers/CMSIS/Device/ST/STM32F4xx/Include -I../Drivers/CMSIS/Include -O0 -ffunction-sections -fdata-sections -Wall -fstack-usage -fcyclomatic-complexity -MMD -MP -MF"Core/Interface/EPD_352_Interface.d" -MT"Core/Interface/EPD_352_Interface.o" --specs=nano.specs -mfpu=fpv4-sp-d16 -mfloat-abi=hard -mthumb -o "Core/Interface/EPD_352_Interface.o"
../Core/Src/main.c:70:25: error: expected identifier or '(' before '^' token
   70 | TIM_HandleTypeDef htim6;^
      |                         ^
../Core/Src/main.c: In function 'MX_USART2_UART_Init':
../Core/Src/main.c:400:3: error: 'huart2' undeclared (first use in this function)
  400 |   huart2.Instance = USART2;
      |   ^~~~~~
../Core/Src/main.c:400:3: note: each undeclared identifier is reported only once for each function it appears in
make: *** [Core/Src/subdir.mk:34: Core/Src/main.o] Error 1
make: *** Waiting for unfinished jobs....
"make -j16 all" terminated with exit code 2. Build might be incomplete.
16:54:26 **** Incremental Build of configuration Debug for project BMS_MTP_VB.00 ****
make -j16 all 
arm-none-eabi-gcc "../Core/Src/main.c" -mcpu=cortex-m4 -std=gnu11 -g3 -DDEBUG -DUSE_HAL_DRIVER -DSTM32F407xx -c -I../Core/Inc -I../Drivers/STM32F4xx_HAL_Driver/Inc -I../Drivers/STM32F4xx_HAL_Driver/Inc/Legacy -I../Drivers/CMSIS/Device/ST/STM32F4xx/Include -I../Drivers/CMSIS/Include -O0 -ffunction-sections -fdata-sections -Wall -fstack-usage -fcyclomatic-complexity -MMD -MP -MF"Core/Src/main.d" -MT"Core/Src/main.o" --specs=nano.specs -mfpu=fpv4-sp-d16 -mfloat-abi=hard -mthumb -o "Core/Src/main.o"
arm-none-eabi-g++ -o "BMS_MTP_VB.00.elf" @"objects.list"   -mcpu=cortex-m4 -T"D:\Sonia_git\hardware_index_sonia1\BMS_LOG\Software\STM32-DISC1\BMS_MTP_VB.00\BMS_MTP_VB.00\STM32F407VGTX_FLASH.ld" --specs=nosys.specs -Wl,-Map="BMS_MTP_VB.00.map" -Wl,--gc-sections -static --specs=nano.specs -mfpu=fpv4-sp-d16 -mfloat-abi=hard -mthumb -Wl,--start-group -lc -lm -lstdc++ -lsupc++ -Wl,--end-group
Finished building target: BMS_MTP_VB.00.elf
 
arm-none-eabi-size  BMS_MTP_VB.00.elf 
arm-none-eabi-objdump -h -S BMS_MTP_VB.00.elf  > "BMS_MTP_VB.00.list"
   text	   data	    bss	    dec	    hex	filename
  22256	     12	  59092	  81360	  13dd0	BMS_MTP_VB.00.elf
Finished building: default.size.stdout
 
Finished building: BMS_MTP_VB.00.list
 
16:55:16 **** Incremental Build of configuration Debug for project BMS_MTP_VB.00 ****
make -j16 all 
arm-none-eabi-gcc "../Core/Interface/EPD_352_Interface.c" -mcpu=cortex-m4 -std=gnu11 -g3 -DDEBUG -DUSE_HAL_DRIVER -DSTM32F407xx -c -I../Core/Inc -I../Drivers/STM32F4xx_HAL_Driver/Inc -I../Drivers/STM32F4xx_HAL_Driver/Inc/Legacy -I../Drivers/CMSIS/Device/ST/STM32F4xx/Include -I../Drivers/CMSIS/Include -O0 -ffunction-sections -fdata-sections -Wall -fstack-usage -fcyclomatic-complexity -MMD -MP -MF"Core/Interface/EPD_352_Interface.d" -MT"Core/Interface/EPD_352_Interface.o" --specs=nano.specs -mfpu=fpv4-sp-d16 -mfloat-abi=hard -mthumb -o "Core/Interface/EPD_352_Interface.o"
arm-none-eabi-g++ -o "BMS_MTP_VB.00.elf" @"objects.list"   -mcpu=cortex-m4 -T"D:\Sonia_git\hardware_index_sonia1\BMS_LOG\Software\STM32-DISC1\BMS_MTP_VB.00\BMS_MTP_VB.00\STM32F407VGTX_FLASH.ld" --specs=nosys.specs -Wl,-Map="BMS_MTP_VB.00.map" -Wl,--gc-sections -static --specs=nano.specs -mfpu=fpv4-sp-d16 -mfloat-abi=hard -mthumb -Wl,--start-group -lc -lm -lstdc++ -lsupc++ -Wl,--end-group
Finished building target: BMS_MTP_VB.00.elf
 
arm-none-eabi-size  BMS_MTP_VB.00.elf 
arm-none-eabi-objdump -h -S BMS_MTP_VB.00.elf  > "BMS_MTP_VB.00.list"
   text	   data	    bss	    dec	    hex	filename
  22260	     12	  59092	  81364	  13dd4	BMS_MTP_VB.00.elf
Finished building: default.size.stdout
 
Finished building: BMS_MTP_VB.00.list
 
16:55:53 **** Incremental Build of configuration Debug for project BMS_MTP_VB.00 ****
make -j16 all 
arm-none-eabi-gcc "../Core/Interface/EPD_352_Interface.c" -mcpu=cortex-m4 -std=gnu11 -g3 -DDEBUG -DUSE_HAL_DRIVER -DSTM32F407xx -c -I../Core/Inc -I../Drivers/STM32F4xx_HAL_Driver/Inc -I../Drivers/STM32F4xx_HAL_Driver/Inc/Legacy -I../Drivers/CMSIS/Device/ST/STM32F4xx/Include -I../Drivers/CMSIS/Include -O0 -ffunction-sections -fdata-sections -Wall -fstack-usage -fcyclomatic-complexity -MMD -MP -MF"Core/Interface/EPD_352_Interface.d" -MT"Core/Interface/EPD_352_Interface.o" --specs=nano.specs -mfpu=fpv4-sp-d16 -mfloat-abi=hard -mthumb -o "Core/Interface/EPD_352_Interface.o"
arm-none-eabi-g++ -o "BMS_MTP_VB.00.elf" @"objects.list"   -mcpu=cortex-m4 -T"D:\Sonia_git\hardware_index_sonia1\BMS_LOG\Software\STM32-DISC1\BMS_MTP_VB.00\BMS_MTP_VB.00\STM32F407VGTX_FLASH.ld" --specs=nosys.specs -Wl,-Map="BMS_MTP_VB.00.map" -Wl,--gc-sections -static --specs=nano.specs -mfpu=fpv4-sp-d16 -mfloat-abi=hard -mthumb -Wl,--start-group -lc -lm -lstdc++ -lsupc++ -Wl,--end-group
Finished building target: BMS_MTP_VB.00.elf
 
arm-none-eabi-size  BMS_MTP_VB.00.elf 
arm-none-eabi-objdump -h -S BMS_MTP_VB.00.elf  > "BMS_MTP_VB.00.list"
   text	   data	    bss	    dec	    hex	filename
  22256	     12	  59092	  81360	  13dd0	BMS_MTP_VB.00.elf
Finished building: default.size.stdout
 
Finished building: BMS_MTP_VB.00.list
 
16:56:55 **** Incremental Build of configuration Debug for project BMS_MTP_VB.00 ****
make -j16 all 
arm-none-eabi-gcc "../Core/Interface/EPD_352_Interface.c" -mcpu=cortex-m4 -std=gnu11 -g3 -DDEBUG -DUSE_HAL_DRIVER -DSTM32F407xx -c -I../Core/Inc -I../Drivers/STM32F4xx_HAL_Driver/Inc -I../Drivers/STM32F4xx_HAL_Driver/Inc/Legacy -I../Drivers/CMSIS/Device/ST/STM32F4xx/Include -I../Drivers/CMSIS/Include -O0 -ffunction-sections -fdata-sections -Wall -fstack-usage -fcyclomatic-complexity -MMD -MP -MF"Core/Interface/EPD_352_Interface.d" -MT"Core/Interface/EPD_352_Interface.o" --specs=nano.specs -mfpu=fpv4-sp-d16 -mfloat-abi=hard -mthumb -o "Core/Interface/EPD_352_Interface.o"
arm-none-eabi-g++ -o "BMS_MTP_VB.00.elf" @"objects.list"   -mcpu=cortex-m4 -T"D:\Sonia_git\hardware_index_sonia1\BMS_LOG\Software\STM32-DISC1\BMS_MTP_VB.00\BMS_MTP_VB.00\STM32F407VGTX_FLASH.ld" --specs=nosys.specs -Wl,-Map="BMS_MTP_VB.00.map" -Wl,--gc-sections -static --specs=nano.specs -mfpu=fpv4-sp-d16 -mfloat-abi=hard -mthumb -Wl,--start-group -lc -lm -lstdc++ -lsupc++ -Wl,--end-group
Finished building target: BMS_MTP_VB.00.elf
 
arm-none-eabi-size  BMS_MTP_VB.00.elf 
arm-none-eabi-objdump -h -S BMS_MTP_VB.00.elf  > "BMS_MTP_VB.00.list"
   text	   data	    bss	    dec	    hex	filename
  22256	     12	  59092	  81360	  13dd0	BMS_MTP_VB.00.elf
Finished building: default.size.stdout
 
Finished building: BMS_MTP_VB.00.list
 
17:08:33 **** Incremental Build of configuration Debug for project BMS_MTP_VB.00 ****
make -j16 all 
arm-none-eabi-gcc "../Core/Src/main.c" -mcpu=cortex-m4 -std=gnu11 -g3 -DDEBUG -DUSE_HAL_DRIVER -DSTM32F407xx -c -I../Core/Inc -I../Drivers/STM32F4xx_HAL_Driver/Inc -I../Drivers/STM32F4xx_HAL_Driver/Inc/Legacy -I../Drivers/CMSIS/Device/ST/STM32F4xx/Include -I../Drivers/CMSIS/Include -O0 -ffunction-sections -fdata-sections -Wall -fstack-usage -fcyclomatic-complexity -MMD -MP -MF"Core/Src/main.d" -MT"Core/Src/main.o" --specs=nano.specs -mfpu=fpv4-sp-d16 -mfloat-abi=hard -mthumb -o "Core/Src/main.o"
arm-none-eabi-gcc "../Core/Src/stm32f4xx_hal_msp.c" -mcpu=cortex-m4 -std=gnu11 -g3 -DDEBUG -DUSE_HAL_DRIVER -DSTM32F407xx -c -I../Core/Inc -I../Drivers/STM32F4xx_HAL_Driver/Inc -I../Drivers/STM32F4xx_HAL_Driver/Inc/Legacy -I../Drivers/CMSIS/Device/ST/STM32F4xx/Include -I../Drivers/CMSIS/Include -O0 -ffunction-sections -fdata-sections -Wall -fstack-usage -fcyclomatic-complexity -MMD -MP -MF"Core/Src/stm32f4xx_hal_msp.d" -MT"Core/Src/stm32f4xx_hal_msp.o" --specs=nano.specs -mfpu=fpv4-sp-d16 -mfloat-abi=hard -mthumb -o "Core/Src/stm32f4xx_hal_msp.o"
arm-none-eabi-gcc "../Core/Src/stm32f4xx_it.c" -mcpu=cortex-m4 -std=gnu11 -g3 -DDEBUG -DUSE_HAL_DRIVER -DSTM32F407xx -c -I../Core/Inc -I../Drivers/STM32F4xx_HAL_Driver/Inc -I../Drivers/STM32F4xx_HAL_Driver/Inc/Legacy -I../Drivers/CMSIS/Device/ST/STM32F4xx/Include -I../Drivers/CMSIS/Include -O0 -ffunction-sections -fdata-sections -Wall -fstack-usage -fcyclomatic-complexity -MMD -MP -MF"Core/Src/stm32f4xx_it.d" -MT"Core/Src/stm32f4xx_it.o" --specs=nano.specs -mfpu=fpv4-sp-d16 -mfloat-abi=hard -mthumb -o "Core/Src/stm32f4xx_it.o"
arm-none-eabi-gcc "../Core/Service/serviceBaseDeTemps.c" -mcpu=cortex-m4 -std=gnu11 -g3 -DDEBUG -DUSE_HAL_DRIVER -DSTM32F407xx -c -I../Core/Inc -I../Drivers/STM32F4xx_HAL_Driver/Inc -I../Drivers/STM32F4xx_HAL_Driver/Inc/Legacy -I../Drivers/CMSIS/Device/ST/STM32F4xx/Include -I../Drivers/CMSIS/Include -O0 -ffunction-sections -fdata-sections -Wall -fstack-usage -fcyclomatic-complexity -MMD -MP -MF"Core/Service/serviceBaseDeTemps.d" -MT"Core/Service/serviceBaseDeTemps.o" --specs=nano.specs -mfpu=fpv4-sp-d16 -mfloat-abi=hard -mthumb -o "Core/Service/serviceBaseDeTemps.o"
arm-none-eabi-gcc "../Core/Processus/processusBMS.c" -mcpu=cortex-m4 -std=gnu11 -g3 -DDEBUG -DUSE_HAL_DRIVER -DSTM32F407xx -c -I../Core/Inc -I../Drivers/STM32F4xx_HAL_Driver/Inc -I../Drivers/STM32F4xx_HAL_Driver/Inc/Legacy -I../Drivers/CMSIS/Device/ST/STM32F4xx/Include -I../Drivers/CMSIS/Include -O0 -ffunction-sections -fdata-sections -Wall -fstack-usage -fcyclomatic-complexity -MMD -MP -MF"Core/Processus/processusBMS.d" -MT"Core/Processus/processusBMS.o" --specs=nano.specs -mfpu=fpv4-sp-d16 -mfloat-abi=hard -mthumb -o "Core/Processus/processusBMS.o"
arm-none-eabi-gcc "../Core/Processus/processusClignotant.c" -mcpu=cortex-m4 -std=gnu11 -g3 -DDEBUG -DUSE_HAL_DRIVER -DSTM32F407xx -c -I../Core/Inc -I../Drivers/STM32F4xx_HAL_Driver/Inc -I../Drivers/STM32F4xx_HAL_Driver/Inc/Legacy -I../Drivers/CMSIS/Device/ST/STM32F4xx/Include -I../Drivers/CMSIS/Include -O0 -ffunction-sections -fdata-sections -Wall -fstack-usage -fcyclomatic-complexity -MMD -MP -MF"Core/Processus/processusClignotant.d" -MT"Core/Processus/processusClignotant.o" --specs=nano.specs -mfpu=fpv4-sp-d16 -mfloat-abi=hard -mthumb -o "Core/Processus/processusClignotant.o"
arm-none-eabi-gcc "../Core/Processus/processusEPD.c" -mcpu=cortex-m4 -std=gnu11 -g3 -DDEBUG -DUSE_HAL_DRIVER -DSTM32F407xx -c -I../Core/Inc -I../Drivers/STM32F4xx_HAL_Driver/Inc -I../Drivers/STM32F4xx_HAL_Driver/Inc/Legacy -I../Drivers/CMSIS/Device/ST/STM32F4xx/Include -I../Drivers/CMSIS/Include -O0 -ffunction-sections -fdata-sections -Wall -fstack-usage -fcyclomatic-complexity -MMD -MP -MF"Core/Processus/processusEPD.d" -MT"Core/Processus/processusEPD.o" --specs=nano.specs -mfpu=fpv4-sp-d16 -mfloat-abi=hard -mthumb -o "Core/Processus/processusEPD.o"
arm-none-eabi-gcc "../Core/Pilote/piloteI2C.c" -mcpu=cortex-m4 -std=gnu11 -g3 -DDEBUG -DUSE_HAL_DRIVER -DSTM32F407xx -c -I../Core/Inc -I../Drivers/STM32F4xx_HAL_Driver/Inc -I../Drivers/STM32F4xx_HAL_Driver/Inc/Legacy -I../Drivers/CMSIS/Device/ST/STM32F4xx/Include -I../Drivers/CMSIS/Include -O0 -ffunction-sections -fdata-sections -Wall -fstack-usage -fcyclomatic-complexity -MMD -MP -MF"Core/Pilote/piloteI2C.d" -MT"Core/Pilote/piloteI2C.o" --specs=nano.specs -mfpu=fpv4-sp-d16 -mfloat-abi=hard -mthumb -o "Core/Pilote/piloteI2C.o"
arm-none-eabi-gcc "../Core/Pilote/piloteIOB1.c" -mcpu=cortex-m4 -std=gnu11 -g3 -DDEBUG -DUSE_HAL_DRIVER -DSTM32F407xx -c -I../Core/Inc -I../Drivers/STM32F4xx_HAL_Driver/Inc -I../Drivers/STM32F4xx_HAL_Driver/Inc/Legacy -I../Drivers/CMSIS/Device/ST/STM32F4xx/Include -I../Drivers/CMSIS/Include -O0 -ffunction-sections -fdata-sections -Wall -fstack-usage -fcyclomatic-complexity -MMD -MP -MF"Core/Pilote/piloteIOB1.d" -MT"Core/Pilote/piloteIOB1.o" --specs=nano.specs -mfpu=fpv4-sp-d16 -mfloat-abi=hard -mthumb -o "Core/Pilote/piloteIOB1.o"
arm-none-eabi-gcc "../Core/Pilote/piloteIOT1.c" -mcpu=cortex-m4 -std=gnu11 -g3 -DDEBUG -DUSE_HAL_DRIVER -DSTM32F407xx -c -I../Core/Inc -I../Drivers/STM32F4xx_HAL_Driver/Inc -I../Drivers/STM32F4xx_HAL_Driver/Inc/Legacy -I../Drivers/CMSIS/Device/ST/STM32F4xx/Include -I../Drivers/CMSIS/Include -O0 -ffunction-sections -fdata-sections -Wall -fstack-usage -fcyclomatic-complexity -MMD -MP -MF"Core/Pilote/piloteIOT1.d" -MT"Core/Pilote/piloteIOT1.o" --specs=nano.specs -mfpu=fpv4-sp-d16 -mfloat-abi=hard -mthumb -o "Core/Pilote/piloteIOT1.o"
arm-none-eabi-gcc "../Core/Pilote/piloteIOT2.c" -mcpu=cortex-m4 -std=gnu11 -g3 -DDEBUG -DUSE_HAL_DRIVER -DSTM32F407xx -c -I../Core/Inc -I../Drivers/STM32F4xx_HAL_Driver/Inc -I../Drivers/STM32F4xx_HAL_Driver/Inc/Legacy -I../Drivers/CMSIS/Device/ST/STM32F4xx/Include -I../Drivers/CMSIS/Include -O0 -ffunction-sections -fdata-sections -Wall -fstack-usage -fcyclomatic-complexity -MMD -MP -MF"Core/Pilote/piloteIOT2.d" -MT"Core/Pilote/piloteIOT2.o" --specs=nano.specs -mfpu=fpv4-sp-d16 -mfloat-abi=hard -mthumb -o "Core/Pilote/piloteIOT2.o"
arm-none-eabi-gcc "../Core/Pilote/piloteIOT3.c" -mcpu=cortex-m4 -std=gnu11 -g3 -DDEBUG -DUSE_HAL_DRIVER -DSTM32F407xx -c -I../Core/Inc -I../Drivers/STM32F4xx_HAL_Driver/Inc -I../Drivers/STM32F4xx_HAL_Driver/Inc/Legacy -I../Drivers/CMSIS/Device/ST/STM32F4xx/Include -I../Drivers/CMSIS/Include -O0 -ffunction-sections -fdata-sections -Wall -fstack-usage -fcyclomatic-complexity -MMD -MP -MF"Core/Pilote/piloteIOT3.d" -MT"Core/Pilote/piloteIOT3.o" --specs=nano.specs -mfpu=fpv4-sp-d16 -mfloat-abi=hard -mthumb -o "Core/Pilote/piloteIOT3.o"
arm-none-eabi-gcc "../Core/Pilote/piloteIOT4.c" -mcpu=cortex-m4 -std=gnu11 -g3 -DDEBUG -DUSE_HAL_DRIVER -DSTM32F407xx -c -I../Core/Inc -I../Drivers/STM32F4xx_HAL_Driver/Inc -I../Drivers/STM32F4xx_HAL_Driver/Inc/Legacy -I../Drivers/CMSIS/Device/ST/STM32F4xx/Include -I../Drivers/CMSIS/Include -O0 -ffunction-sections -fdata-sections -Wall -fstack-usage -fcyclomatic-complexity -MMD -MP -MF"Core/Pilote/piloteIOT4.d" -MT"Core/Pilote/piloteIOT4.o" --specs=nano.specs -mfpu=fpv4-sp-d16 -mfloat-abi=hard -mthumb -o "Core/Pilote/piloteIOT4.o"
arm-none-eabi-gcc "../Core/Pilote/piloteSPI.c" -mcpu=cortex-m4 -std=gnu11 -g3 -DDEBUG -DUSE_HAL_DRIVER -DSTM32F407xx -c -I../Core/Inc -I../Drivers/STM32F4xx_HAL_Driver/Inc -I../Drivers/STM32F4xx_HAL_Driver/Inc/Legacy -I../Drivers/CMSIS/Device/ST/STM32F4xx/Include -I../Drivers/CMSIS/Include -O0 -ffunction-sections -fdata-sections -Wall -fstack-usage -fcyclomatic-complexity -MMD -MP -MF"Core/Pilote/piloteSPI.d" -MT"Core/Pilote/piloteSPI.o" --specs=nano.specs -mfpu=fpv4-sp-d16 -mfloat-abi=hard -mthumb -o "Core/Pilote/piloteSPI.o"
arm-none-eabi-gcc "../Core/Pilote/piloteSPI_EPAPER.c" -mcpu=cortex-m4 -std=gnu11 -g3 -DDEBUG -DUSE_HAL_DRIVER -DSTM32F407xx -c -I../Core/Inc -I../Drivers/STM32F4xx_HAL_Driver/Inc -I../Drivers/STM32F4xx_HAL_Driver/Inc/Legacy -I../Drivers/CMSIS/Device/ST/STM32F4xx/Include -I../Drivers/CMSIS/Include -O0 -ffunction-sections -fdata-sections -Wall -fstack-usage -fcyclomatic-complexity -MMD -MP -MF"Core/Pilote/piloteSPI_EPAPER.d" -MT"Core/Pilote/piloteSPI_EPAPER.o" --specs=nano.specs -mfpu=fpv4-sp-d16 -mfloat-abi=hard -mthumb -o "Core/Pilote/piloteSPI_EPAPER.o"
arm-none-eabi-gcc "../Core/Pilote/piloteTimer6Up.c" -mcpu=cortex-m4 -std=gnu11 -g3 -DDEBUG -DUSE_HAL_DRIVER -DSTM32F407xx -c -I../Core/Inc -I../Drivers/STM32F4xx_HAL_Driver/Inc -I../Drivers/STM32F4xx_HAL_Driver/Inc/Legacy -I../Drivers/CMSIS/Device/ST/STM32F4xx/Include -I../Drivers/CMSIS/Include -O0 -ffunction-sections -fdata-sections -Wall -fstack-usage -fcyclomatic-complexity -MMD -MP -MF"Core/Pilote/piloteTimer6Up.d" -MT"Core/Pilote/piloteTimer6Up.o" --specs=nano.specs -mfpu=fpv4-sp-d16 -mfloat-abi=hard -mthumb -o "Core/Pilote/piloteTimer6Up.o"
arm-none-eabi-gcc "../Core/Interface/EPD_352_Interface.c" -mcpu=cortex-m4 -std=gnu11 -g3 -DDEBUG -DUSE_HAL_DRIVER -DSTM32F407xx -c -I../Core/Inc -I../Drivers/STM32F4xx_HAL_Driver/Inc -I../Drivers/STM32F4xx_HAL_Driver/Inc/Legacy -I../Drivers/CMSIS/Device/ST/STM32F4xx/Include -I../Drivers/CMSIS/Include -O0 -ffunction-sections -fdata-sections -Wall -fstack-usage -fcyclomatic-complexity -MMD -MP -MF"Core/Interface/EPD_352_Interface.d" -MT"Core/Interface/EPD_352_Interface.o" --specs=nano.specs -mfpu=fpv4-sp-d16 -mfloat-abi=hard -mthumb -o "Core/Interface/EPD_352_Interface.o"
arm-none-eabi-gcc "../Core/Interface/interfaceB1.c" -mcpu=cortex-m4 -std=gnu11 -g3 -DDEBUG -DUSE_HAL_DRIVER -DSTM32F407xx -c -I../Core/Inc -I../Drivers/STM32F4xx_HAL_Driver/Inc -I../Drivers/STM32F4xx_HAL_Driver/Inc/Legacy -I../Drivers/CMSIS/Device/ST/STM32F4xx/Include -I../Drivers/CMSIS/Include -O0 -ffunction-sections -fdata-sections -Wall -fstack-usage -fcyclomatic-complexity -MMD -MP -MF"Core/Interface/interfaceB1.d" -MT"Core/Interface/interfaceB1.o" --specs=nano.specs -mfpu=fpv4-sp-d16 -mfloat-abi=hard -mthumb -o "Core/Interface/interfaceB1.o"
arm-none-eabi-gcc "../Core/Interface/interface_LED3_Orange.c" -mcpu=cortex-m4 -std=gnu11 -g3 -DDEBUG -DUSE_HAL_DRIVER -DSTM32F407xx -c -I../Core/Inc -I../Drivers/STM32F4xx_HAL_Driver/Inc -I../Drivers/STM32F4xx_HAL_Driver/Inc/Legacy -I../Drivers/CMSIS/Device/ST/STM32F4xx/Include -I../Drivers/CMSIS/Include -O0 -ffunction-sections -fdata-sections -Wall -fstack-usage -fcyclomatic-complexity -MMD -MP -MF"Core/Interface/interface_LED3_Orange.d" -MT"Core/Interface/interface_LED3_Orange.o" --specs=nano.specs -mfpu=fpv4-sp-d16 -mfloat-abi=hard -mthumb -o "Core/Interface/interface_LED3_Orange.o"
arm-none-eabi-gcc "../Core/Interface/interface_LED4_Vert.c" -mcpu=cortex-m4 -std=gnu11 -g3 -DDEBUG -DUSE_HAL_DRIVER -DSTM32F407xx -c -I../Core/Inc -I../Drivers/STM32F4xx_HAL_Driver/Inc -I../Drivers/STM32F4xx_HAL_Driver/Inc/Legacy -I../Drivers/CMSIS/Device/ST/STM32F4xx/Include -I../Drivers/CMSIS/Include -O0 -ffunction-sections -fdata-sections -Wall -fstack-usage -fcyclomatic-complexity -MMD -MP -MF"Core/Interface/interface_LED4_Vert.d" -MT"Core/Interface/interface_LED4_Vert.o" --specs=nano.specs -mfpu=fpv4-sp-d16 -mfloat-abi=hard -mthumb -o "Core/Interface/interface_LED4_Vert.o"
arm-none-eabi-gcc "../Core/Interface/interface_LED5_Rouge.c" -mcpu=cortex-m4 -std=gnu11 -g3 -DDEBUG -DUSE_HAL_DRIVER -DSTM32F407xx -c -I../Core/Inc -I../Drivers/STM32F4xx_HAL_Driver/Inc -I../Drivers/STM32F4xx_HAL_Driver/Inc/Legacy -I../Drivers/CMSIS/Device/ST/STM32F4xx/Include -I../Drivers/CMSIS/Include -O0 -ffunction-sections -fdata-sections -Wall -fstack-usage -fcyclomatic-complexity -MMD -MP -MF"Core/Interface/interface_LED5_Rouge.d" -MT"Core/Interface/interface_LED5_Rouge.o" --specs=nano.specs -mfpu=fpv4-sp-d16 -mfloat-abi=hard -mthumb -o "Core/Interface/interface_LED5_Rouge.o"
arm-none-eabi-gcc "../Core/Interface/interface_LED6_Blue.c" -mcpu=cortex-m4 -std=gnu11 -g3 -DDEBUG -DUSE_HAL_DRIVER -DSTM32F407xx -c -I../Core/Inc -I../Drivers/STM32F4xx_HAL_Driver/Inc -I../Drivers/STM32F4xx_HAL_Driver/Inc/Legacy -I../Drivers/CMSIS/Device/ST/STM32F4xx/Include -I../Drivers/CMSIS/Include -O0 -ffunction-sections -fdata-sections -Wall -fstack-usage -fcyclomatic-complexity -MMD -MP -MF"Core/Interface/interface_LED6_Blue.d" -MT"Core/Interface/interface_LED6_Blue.o" --specs=nano.specs -mfpu=fpv4-sp-d16 -mfloat-abi=hard -mthumb -o "Core/Interface/interface_LED6_Blue.o"
arm-none-eabi-g++ -o "BMS_MTP_VB.00.elf" @"objects.list"   -mcpu=cortex-m4 -T"D:\Sonia_git\hardware_index_sonia1\BMS_LOG\Software\STM32-DISC1\BMS_MTP_VB.00\BMS_MTP_VB.00\STM32F407VGTX_FLASH.ld" --specs=nosys.specs -Wl,-Map="BMS_MTP_VB.00.map" -Wl,--gc-sections -static --specs=nano.specs -mfpu=fpv4-sp-d16 -mfloat-abi=hard -mthumb -Wl,--start-group -lc -lm -lstdc++ -lsupc++ -Wl,--end-group
Finished building target: BMS_MTP_VB.00.elf
 
arm-none-eabi-size  BMS_MTP_VB.00.elf 
arm-none-eabi-objdump -h -S BMS_MTP_VB.00.elf  > "BMS_MTP_VB.00.list"
   text	   data	    bss	    dec	    hex	filename
  22256	     12	  59092	  81360	  13dd0	BMS_MTP_VB.00.elf
Finished building: default.size.stdout
 
Finished building: BMS_MTP_VB.00.list
 
17:37:05 **** Incremental Build of configuration Debug for project BMS_MTP_VB.00 ****
make -j16 all 
arm-none-eabi-gcc "../Core/Src/main.c" -mcpu=cortex-m4 -std=gnu11 -g3 -DDEBUG -DUSE_HAL_DRIVER -DSTM32F407xx -c -I../Core/Inc -I../Drivers/STM32F4xx_HAL_Driver/Inc -I../Drivers/STM32F4xx_HAL_Driver/Inc/Legacy -I../Drivers/CMSIS/Device/ST/STM32F4xx/Include -I../Drivers/CMSIS/Include -O0 -ffunction-sections -fdata-sections -Wall -fstack-usage -fcyclomatic-complexity -MMD -MP -MF"Core/Src/main.d" -MT"Core/Src/main.o" --specs=nano.specs -mfpu=fpv4-sp-d16 -mfloat-abi=hard -mthumb -o "Core/Src/main.o"
arm-none-eabi-gcc "../Core/Src/stm32f4xx_hal_msp.c" -mcpu=cortex-m4 -std=gnu11 -g3 -DDEBUG -DUSE_HAL_DRIVER -DSTM32F407xx -c -I../Core/Inc -I../Drivers/STM32F4xx_HAL_Driver/Inc -I../Drivers/STM32F4xx_HAL_Driver/Inc/Legacy -I../Drivers/CMSIS/Device/ST/STM32F4xx/Include -I../Drivers/CMSIS/Include -O0 -ffunction-sections -fdata-sections -Wall -fstack-usage -fcyclomatic-complexity -MMD -MP -MF"Core/Src/stm32f4xx_hal_msp.d" -MT"Core/Src/stm32f4xx_hal_msp.o" --specs=nano.specs -mfpu=fpv4-sp-d16 -mfloat-abi=hard -mthumb -o "Core/Src/stm32f4xx_hal_msp.o"
arm-none-eabi-gcc "../Core/Src/stm32f4xx_it.c" -mcpu=cortex-m4 -std=gnu11 -g3 -DDEBUG -DUSE_HAL_DRIVER -DSTM32F407xx -c -I../Core/Inc -I../Drivers/STM32F4xx_HAL_Driver/Inc -I../Drivers/STM32F4xx_HAL_Driver/Inc/Legacy -I../Drivers/CMSIS/Device/ST/STM32F4xx/Include -I../Drivers/CMSIS/Include -O0 -ffunction-sections -fdata-sections -Wall -fstack-usage -fcyclomatic-complexity -MMD -MP -MF"Core/Src/stm32f4xx_it.d" -MT"Core/Src/stm32f4xx_it.o" --specs=nano.specs -mfpu=fpv4-sp-d16 -mfloat-abi=hard -mthumb -o "Core/Src/stm32f4xx_it.o"
arm-none-eabi-gcc "../Core/Service/serviceBaseDeTemps.c" -mcpu=cortex-m4 -std=gnu11 -g3 -DDEBUG -DUSE_HAL_DRIVER -DSTM32F407xx -c -I../Core/Inc -I../Drivers/STM32F4xx_HAL_Driver/Inc -I../Drivers/STM32F4xx_HAL_Driver/Inc/Legacy -I../Drivers/CMSIS/Device/ST/STM32F4xx/Include -I../Drivers/CMSIS/Include -O0 -ffunction-sections -fdata-sections -Wall -fstack-usage -fcyclomatic-complexity -MMD -MP -MF"Core/Service/serviceBaseDeTemps.d" -MT"Core/Service/serviceBaseDeTemps.o" --specs=nano.specs -mfpu=fpv4-sp-d16 -mfloat-abi=hard -mthumb -o "Core/Service/serviceBaseDeTemps.o"
arm-none-eabi-gcc "../Core/Processus/processusBMS.c" -mcpu=cortex-m4 -std=gnu11 -g3 -DDEBUG -DUSE_HAL_DRIVER -DSTM32F407xx -c -I../Core/Inc -I../Drivers/STM32F4xx_HAL_Driver/Inc -I../Drivers/STM32F4xx_HAL_Driver/Inc/Legacy -I../Drivers/CMSIS/Device/ST/STM32F4xx/Include -I../Drivers/CMSIS/Include -O0 -ffunction-sections -fdata-sections -Wall -fstack-usage -fcyclomatic-complexity -MMD -MP -MF"Core/Processus/processusBMS.d" -MT"Core/Processus/processusBMS.o" --specs=nano.specs -mfpu=fpv4-sp-d16 -mfloat-abi=hard -mthumb -o "Core/Processus/processusBMS.o"
arm-none-eabi-gcc "../Core/Processus/processusClignotant.c" -mcpu=cortex-m4 -std=gnu11 -g3 -DDEBUG -DUSE_HAL_DRIVER -DSTM32F407xx -c -I../Core/Inc -I../Drivers/STM32F4xx_HAL_Driver/Inc -I../Drivers/STM32F4xx_HAL_Driver/Inc/Legacy -I../Drivers/CMSIS/Device/ST/STM32F4xx/Include -I../Drivers/CMSIS/Include -O0 -ffunction-sections -fdata-sections -Wall -fstack-usage -fcyclomatic-complexity -MMD -MP -MF"Core/Processus/processusClignotant.d" -MT"Core/Processus/processusClignotant.o" --specs=nano.specs -mfpu=fpv4-sp-d16 -mfloat-abi=hard -mthumb -o "Core/Processus/processusClignotant.o"
arm-none-eabi-gcc "../Core/Processus/processusEPD.c" -mcpu=cortex-m4 -std=gnu11 -g3 -DDEBUG -DUSE_HAL_DRIVER -DSTM32F407xx -c -I../Core/Inc -I../Drivers/STM32F4xx_HAL_Driver/Inc -I../Drivers/STM32F4xx_HAL_Driver/Inc/Legacy -I../Drivers/CMSIS/Device/ST/STM32F4xx/Include -I../Drivers/CMSIS/Include -O0 -ffunction-sections -fdata-sections -Wall -fstack-usage -fcyclomatic-complexity -MMD -MP -MF"Core/Processus/processusEPD.d" -MT"Core/Processus/processusEPD.o" --specs=nano.specs -mfpu=fpv4-sp-d16 -mfloat-abi=hard -mthumb -o "Core/Processus/processusEPD.o"
arm-none-eabi-gcc "../Core/Pilote/piloteI2C.c" -mcpu=cortex-m4 -std=gnu11 -g3 -DDEBUG -DUSE_HAL_DRIVER -DSTM32F407xx -c -I../Core/Inc -I../Drivers/STM32F4xx_HAL_Driver/Inc -I../Drivers/STM32F4xx_HAL_Driver/Inc/Legacy -I../Drivers/CMSIS/Device/ST/STM32F4xx/Include -I../Drivers/CMSIS/Include -O0 -ffunction-sections -fdata-sections -Wall -fstack-usage -fcyclomatic-complexity -MMD -MP -MF"Core/Pilote/piloteI2C.d" -MT"Core/Pilote/piloteI2C.o" --specs=nano.specs -mfpu=fpv4-sp-d16 -mfloat-abi=hard -mthumb -o "Core/Pilote/piloteI2C.o"
arm-none-eabi-gcc "../Core/Pilote/piloteIOB1.c" -mcpu=cortex-m4 -std=gnu11 -g3 -DDEBUG -DUSE_HAL_DRIVER -DSTM32F407xx -c -I../Core/Inc -I../Drivers/STM32F4xx_HAL_Driver/Inc -I../Drivers/STM32F4xx_HAL_Driver/Inc/Legacy -I../Drivers/CMSIS/Device/ST/STM32F4xx/Include -I../Drivers/CMSIS/Include -O0 -ffunction-sections -fdata-sections -Wall -fstack-usage -fcyclomatic-complexity -MMD -MP -MF"Core/Pilote/piloteIOB1.d" -MT"Core/Pilote/piloteIOB1.o" --specs=nano.specs -mfpu=fpv4-sp-d16 -mfloat-abi=hard -mthumb -o "Core/Pilote/piloteIOB1.o"
arm-none-eabi-gcc "../Core/Pilote/piloteIOT1.c" -mcpu=cortex-m4 -std=gnu11 -g3 -DDEBUG -DUSE_HAL_DRIVER -DSTM32F407xx -c -I../Core/Inc -I../Drivers/STM32F4xx_HAL_Driver/Inc -I../Drivers/STM32F4xx_HAL_Driver/Inc/Legacy -I../Drivers/CMSIS/Device/ST/STM32F4xx/Include -I../Drivers/CMSIS/Include -O0 -ffunction-sections -fdata-sections -Wall -fstack-usage -fcyclomatic-complexity -MMD -MP -MF"Core/Pilote/piloteIOT1.d" -MT"Core/Pilote/piloteIOT1.o" --specs=nano.specs -mfpu=fpv4-sp-d16 -mfloat-abi=hard -mthumb -o "Core/Pilote/piloteIOT1.o"
arm-none-eabi-gcc "../Core/Pilote/piloteIOT2.c" -mcpu=cortex-m4 -std=gnu11 -g3 -DDEBUG -DUSE_HAL_DRIVER -DSTM32F407xx -c -I../Core/Inc -I../Drivers/STM32F4xx_HAL_Driver/Inc -I../Drivers/STM32F4xx_HAL_Driver/Inc/Legacy -I../Drivers/CMSIS/Device/ST/STM32F4xx/Include -I../Drivers/CMSIS/Include -O0 -ffunction-sections -fdata-sections -Wall -fstack-usage -fcyclomatic-complexity -MMD -MP -MF"Core/Pilote/piloteIOT2.d" -MT"Core/Pilote/piloteIOT2.o" --specs=nano.specs -mfpu=fpv4-sp-d16 -mfloat-abi=hard -mthumb -o "Core/Pilote/piloteIOT2.o"
arm-none-eabi-gcc "../Core/Pilote/piloteIOT3.c" -mcpu=cortex-m4 -std=gnu11 -g3 -DDEBUG -DUSE_HAL_DRIVER -DSTM32F407xx -c -I../Core/Inc -I../Drivers/STM32F4xx_HAL_Driver/Inc -I../Drivers/STM32F4xx_HAL_Driver/Inc/Legacy -I../Drivers/CMSIS/Device/ST/STM32F4xx/Include -I../Drivers/CMSIS/Include -O0 -ffunction-sections -fdata-sections -Wall -fstack-usage -fcyclomatic-complexity -MMD -MP -MF"Core/Pilote/piloteIOT3.d" -MT"Core/Pilote/piloteIOT3.o" --specs=nano.specs -mfpu=fpv4-sp-d16 -mfloat-abi=hard -mthumb -o "Core/Pilote/piloteIOT3.o"
arm-none-eabi-gcc "../Core/Pilote/piloteIOT4.c" -mcpu=cortex-m4 -std=gnu11 -g3 -DDEBUG -DUSE_HAL_DRIVER -DSTM32F407xx -c -I../Core/Inc -I../Drivers/STM32F4xx_HAL_Driver/Inc -I../Drivers/STM32F4xx_HAL_Driver/Inc/Legacy -I../Drivers/CMSIS/Device/ST/STM32F4xx/Include -I../Drivers/CMSIS/Include -O0 -ffunction-sections -fdata-sections -Wall -fstack-usage -fcyclomatic-complexity -MMD -MP -MF"Core/Pilote/piloteIOT4.d" -MT"Core/Pilote/piloteIOT4.o" --specs=nano.specs -mfpu=fpv4-sp-d16 -mfloat-abi=hard -mthumb -o "Core/Pilote/piloteIOT4.o"
arm-none-eabi-gcc "../Core/Pilote/piloteSPI.c" -mcpu=cortex-m4 -std=gnu11 -g3 -DDEBUG -DUSE_HAL_DRIVER -DSTM32F407xx -c -I../Core/Inc -I../Drivers/STM32F4xx_HAL_Driver/Inc -I../Drivers/STM32F4xx_HAL_Driver/Inc/Legacy -I../Drivers/CMSIS/Device/ST/STM32F4xx/Include -I../Drivers/CMSIS/Include -O0 -ffunction-sections -fdata-sections -Wall -fstack-usage -fcyclomatic-complexity -MMD -MP -MF"Core/Pilote/piloteSPI.d" -MT"Core/Pilote/piloteSPI.o" --specs=nano.specs -mfpu=fpv4-sp-d16 -mfloat-abi=hard -mthumb -o "Core/Pilote/piloteSPI.o"
arm-none-eabi-gcc "../Core/Pilote/piloteSPI_EPAPER.c" -mcpu=cortex-m4 -std=gnu11 -g3 -DDEBUG -DUSE_HAL_DRIVER -DSTM32F407xx -c -I../Core/Inc -I../Drivers/STM32F4xx_HAL_Driver/Inc -I../Drivers/STM32F4xx_HAL_Driver/Inc/Legacy -I../Drivers/CMSIS/Device/ST/STM32F4xx/Include -I../Drivers/CMSIS/Include -O0 -ffunction-sections -fdata-sections -Wall -fstack-usage -fcyclomatic-complexity -MMD -MP -MF"Core/Pilote/piloteSPI_EPAPER.d" -MT"Core/Pilote/piloteSPI_EPAPER.o" --specs=nano.specs -mfpu=fpv4-sp-d16 -mfloat-abi=hard -mthumb -o "Core/Pilote/piloteSPI_EPAPER.o"
arm-none-eabi-gcc "../Core/Pilote/piloteTimer6Up.c" -mcpu=cortex-m4 -std=gnu11 -g3 -DDEBUG -DUSE_HAL_DRIVER -DSTM32F407xx -c -I../Core/Inc -I../Drivers/STM32F4xx_HAL_Driver/Inc -I../Drivers/STM32F4xx_HAL_Driver/Inc/Legacy -I../Drivers/CMSIS/Device/ST/STM32F4xx/Include -I../Drivers/CMSIS/Include -O0 -ffunction-sections -fdata-sections -Wall -fstack-usage -fcyclomatic-complexity -MMD -MP -MF"Core/Pilote/piloteTimer6Up.d" -MT"Core/Pilote/piloteTimer6Up.o" --specs=nano.specs -mfpu=fpv4-sp-d16 -mfloat-abi=hard -mthumb -o "Core/Pilote/piloteTimer6Up.o"
arm-none-eabi-gcc "../Core/Interface/EPD_352_Interface.c" -mcpu=cortex-m4 -std=gnu11 -g3 -DDEBUG -DUSE_HAL_DRIVER -DSTM32F407xx -c -I../Core/Inc -I../Drivers/STM32F4xx_HAL_Driver/Inc -I../Drivers/STM32F4xx_HAL_Driver/Inc/Legacy -I../Drivers/CMSIS/Device/ST/STM32F4xx/Include -I../Drivers/CMSIS/Include -O0 -ffunction-sections -fdata-sections -Wall -fstack-usage -fcyclomatic-complexity -MMD -MP -MF"Core/Interface/EPD_352_Interface.d" -MT"Core/Interface/EPD_352_Interface.o" --specs=nano.specs -mfpu=fpv4-sp-d16 -mfloat-abi=hard -mthumb -o "Core/Interface/EPD_352_Interface.o"
arm-none-eabi-gcc "../Core/Interface/interfaceB1.c" -mcpu=cortex-m4 -std=gnu11 -g3 -DDEBUG -DUSE_HAL_DRIVER -DSTM32F407xx -c -I../Core/Inc -I../Drivers/STM32F4xx_HAL_Driver/Inc -I../Drivers/STM32F4xx_HAL_Driver/Inc/Legacy -I../Drivers/CMSIS/Device/ST/STM32F4xx/Include -I../Drivers/CMSIS/Include -O0 -ffunction-sections -fdata-sections -Wall -fstack-usage -fcyclomatic-complexity -MMD -MP -MF"Core/Interface/interfaceB1.d" -MT"Core/Interface/interfaceB1.o" --specs=nano.specs -mfpu=fpv4-sp-d16 -mfloat-abi=hard -mthumb -o "Core/Interface/interfaceB1.o"
arm-none-eabi-gcc "../Core/Interface/interface_LED3_Orange.c" -mcpu=cortex-m4 -std=gnu11 -g3 -DDEBUG -DUSE_HAL_DRIVER -DSTM32F407xx -c -I../Core/Inc -I../Drivers/STM32F4xx_HAL_Driver/Inc -I../Drivers/STM32F4xx_HAL_Driver/Inc/Legacy -I../Drivers/CMSIS/Device/ST/STM32F4xx/Include -I../Drivers/CMSIS/Include -O0 -ffunction-sections -fdata-sections -Wall -fstack-usage -fcyclomatic-complexity -MMD -MP -MF"Core/Interface/interface_LED3_Orange.d" -MT"Core/Interface/interface_LED3_Orange.o" --specs=nano.specs -mfpu=fpv4-sp-d16 -mfloat-abi=hard -mthumb -o "Core/Interface/interface_LED3_Orange.o"
arm-none-eabi-gcc "../Core/Interface/interface_LED4_Vert.c" -mcpu=cortex-m4 -std=gnu11 -g3 -DDEBUG -DUSE_HAL_DRIVER -DSTM32F407xx -c -I../Core/Inc -I../Drivers/STM32F4xx_HAL_Driver/Inc -I../Drivers/STM32F4xx_HAL_Driver/Inc/Legacy -I../Drivers/CMSIS/Device/ST/STM32F4xx/Include -I../Drivers/CMSIS/Include -O0 -ffunction-sections -fdata-sections -Wall -fstack-usage -fcyclomatic-complexity -MMD -MP -MF"Core/Interface/interface_LED4_Vert.d" -MT"Core/Interface/interface_LED4_Vert.o" --specs=nano.specs -mfpu=fpv4-sp-d16 -mfloat-abi=hard -mthumb -o "Core/Interface/interface_LED4_Vert.o"
arm-none-eabi-gcc "../Core/Interface/interface_LED5_Rouge.c" -mcpu=cortex-m4 -std=gnu11 -g3 -DDEBUG -DUSE_HAL_DRIVER -DSTM32F407xx -c -I../Core/Inc -I../Drivers/STM32F4xx_HAL_Driver/Inc -I../Drivers/STM32F4xx_HAL_Driver/Inc/Legacy -I../Drivers/CMSIS/Device/ST/STM32F4xx/Include -I../Drivers/CMSIS/Include -O0 -ffunction-sections -fdata-sections -Wall -fstack-usage -fcyclomatic-complexity -MMD -MP -MF"Core/Interface/interface_LED5_Rouge.d" -MT"Core/Interface/interface_LED5_Rouge.o" --specs=nano.specs -mfpu=fpv4-sp-d16 -mfloat-abi=hard -mthumb -o "Core/Interface/interface_LED5_Rouge.o"
arm-none-eabi-gcc "../Core/Interface/interface_LED6_Blue.c" -mcpu=cortex-m4 -std=gnu11 -g3 -DDEBUG -DUSE_HAL_DRIVER -DSTM32F407xx -c -I../Core/Inc -I../Drivers/STM32F4xx_HAL_Driver/Inc -I../Drivers/STM32F4xx_HAL_Driver/Inc/Legacy -I../Drivers/CMSIS/Device/ST/STM32F4xx/Include -I../Drivers/CMSIS/Include -O0 -ffunction-sections -fdata-sections -Wall -fstack-usage -fcyclomatic-complexity -MMD -MP -MF"Core/Interface/interface_LED6_Blue.d" -MT"Core/Interface/interface_LED6_Blue.o" --specs=nano.specs -mfpu=fpv4-sp-d16 -mfloat-abi=hard -mthumb -o "Core/Interface/interface_LED6_Blue.o"
../Core/Interface/EPD_352_Interface.c: In function 'interfaceEPD_INITALISE':
../Core/Interface/EPD_352_Interface.c:425:17: warning: implicit declaration of function 'interface_LED5_rouge_allume'; did you mean 'interface_LED5_Rouge_allume'? [-Wimplicit-function-declaration]
  425 |                 interface_LED5_rouge_allume();
      |                 ^~~~~~~~~~~~~~~~~~~~~~~~~~~
      |                 interface_LED5_Rouge_allume
arm-none-eabi-g++ -o "BMS_MTP_VB.00.elf" @"objects.list"   -mcpu=cortex-m4 -T"D:\Sonia_git\hardware_index_sonia1\BMS_LOG\Software\STM32-DISC1\BMS_MTP_VB.00\BMS_MTP_VB.00\STM32F407VGTX_FLASH.ld" --specs=nosys.specs -Wl,-Map="BMS_MTP_VB.00.map" -Wl,--gc-sections -static --specs=nano.specs -mfpu=fpv4-sp-d16 -mfloat-abi=hard -mthumb -Wl,--start-group -lc -lm -lstdc++ -lsupc++ -Wl,--end-group
C:/ST/STM32CubeIDE_1.18.1/STM32CubeIDE/plugins/com.st.stm32cube.ide.mcu.externaltools.gnu-tools-for-stm32.13.3.rel1.win32_1.0.0.202411081344/tools/bin/../lib/gcc/arm-none-eabi/13.3.1/../../../../arm-none-eabi/bin/ld.exe: ./Core/Interface/EPD_352_Interface.o: in function `interfaceEPD_INITALISE':
D:/Sonia_git/hardware_index_sonia1/BMS_LOG/Software/STM32-DISC1/BMS_MTP_VB.00/BMS_MTP_VB.00/Debug/../Core/Interface/EPD_352_Interface.c:425:(.text.interfaceEPD_INITALISE+0xc): undefined reference to `interface_LED5_rouge_allume'
collect2.exe: error: ld returned 1 exit status
make: *** [makefile:92: BMS_MTP_VB.00.elf] Error 1
"make -j16 all" terminated with exit code 2. Build might be incomplete.
17:37:33 **** Incremental Build of configuration Debug for project BMS_MTP_VB.00 ****
make -j16 all 
arm-none-eabi-gcc "../Core/Interface/EPD_352_Interface.c" -mcpu=cortex-m4 -std=gnu11 -g3 -DDEBUG -DUSE_HAL_DRIVER -DSTM32F407xx -c -I../Core/Inc -I../Drivers/STM32F4xx_HAL_Driver/Inc -I../Drivers/STM32F4xx_HAL_Driver/Inc/Legacy -I../Drivers/CMSIS/Device/ST/STM32F4xx/Include -I../Drivers/CMSIS/Include -O0 -ffunction-sections -fdata-sections -Wall -fstack-usage -fcyclomatic-complexity -MMD -MP -MF"Core/Interface/EPD_352_Interface.d" -MT"Core/Interface/EPD_352_Interface.o" --specs=nano.specs -mfpu=fpv4-sp-d16 -mfloat-abi=hard -mthumb -o "Core/Interface/EPD_352_Interface.o"
arm-none-eabi-g++ -o "BMS_MTP_VB.00.elf" @"objects.list"   -mcpu=cortex-m4 -T"D:\Sonia_git\hardware_index_sonia1\BMS_LOG\Software\STM32-DISC1\BMS_MTP_VB.00\BMS_MTP_VB.00\STM32F407VGTX_FLASH.ld" --specs=nosys.specs -Wl,-Map="BMS_MTP_VB.00.map" -Wl,--gc-sections -static --specs=nano.specs -mfpu=fpv4-sp-d16 -mfloat-abi=hard -mthumb -Wl,--start-group -lc -lm -lstdc++ -lsupc++ -Wl,--end-group
Finished building target: BMS_MTP_VB.00.elf
 
arm-none-eabi-size  BMS_MTP_VB.00.elf 
arm-none-eabi-objdump -h -S BMS_MTP_VB.00.elf  > "BMS_MTP_VB.00.list"
   text	   data	    bss	    dec	    hex	filename
  22272	     12	  59092	  81376	  13de0	BMS_MTP_VB.00.elf
Finished building: default.size.stdout
 
Finished building: BMS_MTP_VB.00.list
 
17:39:02 **** Incremental Build of configuration Debug for project BMS_MTP_VB.00 ****
make -j16 all 
arm-none-eabi-gcc "../Core/Src/main.c" -mcpu=cortex-m4 -std=gnu11 -g3 -DDEBUG -DUSE_HAL_DRIVER -DSTM32F407xx -c -I../Core/Inc -I../Drivers/STM32F4xx_HAL_Driver/Inc -I../Drivers/STM32F4xx_HAL_Driver/Inc/Legacy -I../Drivers/CMSIS/Device/ST/STM32F4xx/Include -I../Drivers/CMSIS/Include -O0 -ffunction-sections -fdata-sections -Wall -fstack-usage -fcyclomatic-complexity -MMD -MP -MF"Core/Src/main.d" -MT"Core/Src/main.o" --specs=nano.specs -mfpu=fpv4-sp-d16 -mfloat-abi=hard -mthumb -o "Core/Src/main.o"
arm-none-eabi-gcc "../Core/Src/stm32f4xx_hal_msp.c" -mcpu=cortex-m4 -std=gnu11 -g3 -DDEBUG -DUSE_HAL_DRIVER -DSTM32F407xx -c -I../Core/Inc -I../Drivers/STM32F4xx_HAL_Driver/Inc -I../Drivers/STM32F4xx_HAL_Driver/Inc/Legacy -I../Drivers/CMSIS/Device/ST/STM32F4xx/Include -I../Drivers/CMSIS/Include -O0 -ffunction-sections -fdata-sections -Wall -fstack-usage -fcyclomatic-complexity -MMD -MP -MF"Core/Src/stm32f4xx_hal_msp.d" -MT"Core/Src/stm32f4xx_hal_msp.o" --specs=nano.specs -mfpu=fpv4-sp-d16 -mfloat-abi=hard -mthumb -o "Core/Src/stm32f4xx_hal_msp.o"
arm-none-eabi-gcc "../Core/Src/stm32f4xx_it.c" -mcpu=cortex-m4 -std=gnu11 -g3 -DDEBUG -DUSE_HAL_DRIVER -DSTM32F407xx -c -I../Core/Inc -I../Drivers/STM32F4xx_HAL_Driver/Inc -I../Drivers/STM32F4xx_HAL_Driver/Inc/Legacy -I../Drivers/CMSIS/Device/ST/STM32F4xx/Include -I../Drivers/CMSIS/Include -O0 -ffunction-sections -fdata-sections -Wall -fstack-usage -fcyclomatic-complexity -MMD -MP -MF"Core/Src/stm32f4xx_it.d" -MT"Core/Src/stm32f4xx_it.o" --specs=nano.specs -mfpu=fpv4-sp-d16 -mfloat-abi=hard -mthumb -o "Core/Src/stm32f4xx_it.o"
arm-none-eabi-gcc "../Core/Service/serviceBaseDeTemps.c" -mcpu=cortex-m4 -std=gnu11 -g3 -DDEBUG -DUSE_HAL_DRIVER -DSTM32F407xx -c -I../Core/Inc -I../Drivers/STM32F4xx_HAL_Driver/Inc -I../Drivers/STM32F4xx_HAL_Driver/Inc/Legacy -I../Drivers/CMSIS/Device/ST/STM32F4xx/Include -I../Drivers/CMSIS/Include -O0 -ffunction-sections -fdata-sections -Wall -fstack-usage -fcyclomatic-complexity -MMD -MP -MF"Core/Service/serviceBaseDeTemps.d" -MT"Core/Service/serviceBaseDeTemps.o" --specs=nano.specs -mfpu=fpv4-sp-d16 -mfloat-abi=hard -mthumb -o "Core/Service/serviceBaseDeTemps.o"
arm-none-eabi-gcc "../Core/Processus/processusBMS.c" -mcpu=cortex-m4 -std=gnu11 -g3 -DDEBUG -DUSE_HAL_DRIVER -DSTM32F407xx -c -I../Core/Inc -I../Drivers/STM32F4xx_HAL_Driver/Inc -I../Drivers/STM32F4xx_HAL_Driver/Inc/Legacy -I../Drivers/CMSIS/Device/ST/STM32F4xx/Include -I../Drivers/CMSIS/Include -O0 -ffunction-sections -fdata-sections -Wall -fstack-usage -fcyclomatic-complexity -MMD -MP -MF"Core/Processus/processusBMS.d" -MT"Core/Processus/processusBMS.o" --specs=nano.specs -mfpu=fpv4-sp-d16 -mfloat-abi=hard -mthumb -o "Core/Processus/processusBMS.o"
arm-none-eabi-gcc "../Core/Processus/processusClignotant.c" -mcpu=cortex-m4 -std=gnu11 -g3 -DDEBUG -DUSE_HAL_DRIVER -DSTM32F407xx -c -I../Core/Inc -I../Drivers/STM32F4xx_HAL_Driver/Inc -I../Drivers/STM32F4xx_HAL_Driver/Inc/Legacy -I../Drivers/CMSIS/Device/ST/STM32F4xx/Include -I../Drivers/CMSIS/Include -O0 -ffunction-sections -fdata-sections -Wall -fstack-usage -fcyclomatic-complexity -MMD -MP -MF"Core/Processus/processusClignotant.d" -MT"Core/Processus/processusClignotant.o" --specs=nano.specs -mfpu=fpv4-sp-d16 -mfloat-abi=hard -mthumb -o "Core/Processus/processusClignotant.o"
arm-none-eabi-gcc "../Core/Processus/processusEPD.c" -mcpu=cortex-m4 -std=gnu11 -g3 -DDEBUG -DUSE_HAL_DRIVER -DSTM32F407xx -c -I../Core/Inc -I../Drivers/STM32F4xx_HAL_Driver/Inc -I../Drivers/STM32F4xx_HAL_Driver/Inc/Legacy -I../Drivers/CMSIS/Device/ST/STM32F4xx/Include -I../Drivers/CMSIS/Include -O0 -ffunction-sections -fdata-sections -Wall -fstack-usage -fcyclomatic-complexity -MMD -MP -MF"Core/Processus/processusEPD.d" -MT"Core/Processus/processusEPD.o" --specs=nano.specs -mfpu=fpv4-sp-d16 -mfloat-abi=hard -mthumb -o "Core/Processus/processusEPD.o"
arm-none-eabi-gcc "../Core/Pilote/piloteI2C.c" -mcpu=cortex-m4 -std=gnu11 -g3 -DDEBUG -DUSE_HAL_DRIVER -DSTM32F407xx -c -I../Core/Inc -I../Drivers/STM32F4xx_HAL_Driver/Inc -I../Drivers/STM32F4xx_HAL_Driver/Inc/Legacy -I../Drivers/CMSIS/Device/ST/STM32F4xx/Include -I../Drivers/CMSIS/Include -O0 -ffunction-sections -fdata-sections -Wall -fstack-usage -fcyclomatic-complexity -MMD -MP -MF"Core/Pilote/piloteI2C.d" -MT"Core/Pilote/piloteI2C.o" --specs=nano.specs -mfpu=fpv4-sp-d16 -mfloat-abi=hard -mthumb -o "Core/Pilote/piloteI2C.o"
arm-none-eabi-gcc "../Core/Pilote/piloteIOB1.c" -mcpu=cortex-m4 -std=gnu11 -g3 -DDEBUG -DUSE_HAL_DRIVER -DSTM32F407xx -c -I../Core/Inc -I../Drivers/STM32F4xx_HAL_Driver/Inc -I../Drivers/STM32F4xx_HAL_Driver/Inc/Legacy -I../Drivers/CMSIS/Device/ST/STM32F4xx/Include -I../Drivers/CMSIS/Include -O0 -ffunction-sections -fdata-sections -Wall -fstack-usage -fcyclomatic-complexity -MMD -MP -MF"Core/Pilote/piloteIOB1.d" -MT"Core/Pilote/piloteIOB1.o" --specs=nano.specs -mfpu=fpv4-sp-d16 -mfloat-abi=hard -mthumb -o "Core/Pilote/piloteIOB1.o"
arm-none-eabi-gcc "../Core/Pilote/piloteIOT1.c" -mcpu=cortex-m4 -std=gnu11 -g3 -DDEBUG -DUSE_HAL_DRIVER -DSTM32F407xx -c -I../Core/Inc -I../Drivers/STM32F4xx_HAL_Driver/Inc -I../Drivers/STM32F4xx_HAL_Driver/Inc/Legacy -I../Drivers/CMSIS/Device/ST/STM32F4xx/Include -I../Drivers/CMSIS/Include -O0 -ffunction-sections -fdata-sections -Wall -fstack-usage -fcyclomatic-complexity -MMD -MP -MF"Core/Pilote/piloteIOT1.d" -MT"Core/Pilote/piloteIOT1.o" --specs=nano.specs -mfpu=fpv4-sp-d16 -mfloat-abi=hard -mthumb -o "Core/Pilote/piloteIOT1.o"
arm-none-eabi-gcc "../Core/Pilote/piloteIOT2.c" -mcpu=cortex-m4 -std=gnu11 -g3 -DDEBUG -DUSE_HAL_DRIVER -DSTM32F407xx -c -I../Core/Inc -I../Drivers/STM32F4xx_HAL_Driver/Inc -I../Drivers/STM32F4xx_HAL_Driver/Inc/Legacy -I../Drivers/CMSIS/Device/ST/STM32F4xx/Include -I../Drivers/CMSIS/Include -O0 -ffunction-sections -fdata-sections -Wall -fstack-usage -fcyclomatic-complexity -MMD -MP -MF"Core/Pilote/piloteIOT2.d" -MT"Core/Pilote/piloteIOT2.o" --specs=nano.specs -mfpu=fpv4-sp-d16 -mfloat-abi=hard -mthumb -o "Core/Pilote/piloteIOT2.o"
arm-none-eabi-gcc "../Core/Pilote/piloteIOT3.c" -mcpu=cortex-m4 -std=gnu11 -g3 -DDEBUG -DUSE_HAL_DRIVER -DSTM32F407xx -c -I../Core/Inc -I../Drivers/STM32F4xx_HAL_Driver/Inc -I../Drivers/STM32F4xx_HAL_Driver/Inc/Legacy -I../Drivers/CMSIS/Device/ST/STM32F4xx/Include -I../Drivers/CMSIS/Include -O0 -ffunction-sections -fdata-sections -Wall -fstack-usage -fcyclomatic-complexity -MMD -MP -MF"Core/Pilote/piloteIOT3.d" -MT"Core/Pilote/piloteIOT3.o" --specs=nano.specs -mfpu=fpv4-sp-d16 -mfloat-abi=hard -mthumb -o "Core/Pilote/piloteIOT3.o"
arm-none-eabi-gcc "../Core/Pilote/piloteIOT4.c" -mcpu=cortex-m4 -std=gnu11 -g3 -DDEBUG -DUSE_HAL_DRIVER -DSTM32F407xx -c -I../Core/Inc -I../Drivers/STM32F4xx_HAL_Driver/Inc -I../Drivers/STM32F4xx_HAL_Driver/Inc/Legacy -I../Drivers/CMSIS/Device/ST/STM32F4xx/Include -I../Drivers/CMSIS/Include -O0 -ffunction-sections -fdata-sections -Wall -fstack-usage -fcyclomatic-complexity -MMD -MP -MF"Core/Pilote/piloteIOT4.d" -MT"Core/Pilote/piloteIOT4.o" --specs=nano.specs -mfpu=fpv4-sp-d16 -mfloat-abi=hard -mthumb -o "Core/Pilote/piloteIOT4.o"
arm-none-eabi-gcc "../Core/Pilote/piloteSPI.c" -mcpu=cortex-m4 -std=gnu11 -g3 -DDEBUG -DUSE_HAL_DRIVER -DSTM32F407xx -c -I../Core/Inc -I../Drivers/STM32F4xx_HAL_Driver/Inc -I../Drivers/STM32F4xx_HAL_Driver/Inc/Legacy -I../Drivers/CMSIS/Device/ST/STM32F4xx/Include -I../Drivers/CMSIS/Include -O0 -ffunction-sections -fdata-sections -Wall -fstack-usage -fcyclomatic-complexity -MMD -MP -MF"Core/Pilote/piloteSPI.d" -MT"Core/Pilote/piloteSPI.o" --specs=nano.specs -mfpu=fpv4-sp-d16 -mfloat-abi=hard -mthumb -o "Core/Pilote/piloteSPI.o"
arm-none-eabi-gcc "../Core/Pilote/piloteSPI_EPAPER.c" -mcpu=cortex-m4 -std=gnu11 -g3 -DDEBUG -DUSE_HAL_DRIVER -DSTM32F407xx -c -I../Core/Inc -I../Drivers/STM32F4xx_HAL_Driver/Inc -I../Drivers/STM32F4xx_HAL_Driver/Inc/Legacy -I../Drivers/CMSIS/Device/ST/STM32F4xx/Include -I../Drivers/CMSIS/Include -O0 -ffunction-sections -fdata-sections -Wall -fstack-usage -fcyclomatic-complexity -MMD -MP -MF"Core/Pilote/piloteSPI_EPAPER.d" -MT"Core/Pilote/piloteSPI_EPAPER.o" --specs=nano.specs -mfpu=fpv4-sp-d16 -mfloat-abi=hard -mthumb -o "Core/Pilote/piloteSPI_EPAPER.o"
arm-none-eabi-gcc "../Core/Pilote/piloteTimer6Up.c" -mcpu=cortex-m4 -std=gnu11 -g3 -DDEBUG -DUSE_HAL_DRIVER -DSTM32F407xx -c -I../Core/Inc -I../Drivers/STM32F4xx_HAL_Driver/Inc -I../Drivers/STM32F4xx_HAL_Driver/Inc/Legacy -I../Drivers/CMSIS/Device/ST/STM32F4xx/Include -I../Drivers/CMSIS/Include -O0 -ffunction-sections -fdata-sections -Wall -fstack-usage -fcyclomatic-complexity -MMD -MP -MF"Core/Pilote/piloteTimer6Up.d" -MT"Core/Pilote/piloteTimer6Up.o" --specs=nano.specs -mfpu=fpv4-sp-d16 -mfloat-abi=hard -mthumb -o "Core/Pilote/piloteTimer6Up.o"
../Core/Processus/processusEPD.c: In function 'processusEPD_waitingDATA':
../Core/Processus/processusEPD.c:42:37: error: 'PROCESSUSEPD_300_MS' undeclared (first use in this function); did you mean 'PROCESSUSEPD_TEMPS300_MS'?
   42 |         if (processusEPD_compteur < PROCESSUSEPD_300_MS)
      |                                     ^~~~~~~~~~~~~~~~~~~
      |                                     PROCESSUSEPD_TEMPS300_MS
../Core/Processus/processusEPD.c:42:37: note: each undeclared identifier is reported only once for each function it appears in
make: *** [Core/Processus/subdir.mk:28: Core/Processus/processusEPD.o] Error 1
[...]
arm-none-eabi-gcc "../Core/Src/stm32f4xx_it.c" -mcpu=cortex-m4 -std=gnu11 -g3 -DDEBUG -DUSE_HAL_DRIVER -DSTM32F407xx -c -I../Core/Inc -I../Drivers/STM32F4xx_HAL_Driver/Inc -I../Drivers/STM32F4xx_HAL_Driver/Inc/Legacy -I../Drivers/CMSIS/Device/ST/STM32F4xx/Include -I../Drivers/CMSIS/Include -O0 -ffunction-sections -fdata-sections -Wall -fstack-usage -fcyclomatic-complexity -MMD -MP -MF"Core/Src/stm32f4xx_it.d" -MT"Core/Src/stm32f4xx_it.o" --specs=nano.specs -mfpu=fpv4-sp-d16 -mfloat-abi=hard -mthumb -o "Core/Src/stm32f4xx_it.o"
arm-none-eabi-gcc "../Core/Service/serviceBaseDeTemps.c" -mcpu=cortex-m4 -std=gnu11 -g3 -DDEBUG -DUSE_HAL_DRIVER -DSTM32F407xx -c -I../Core/Inc -I../Drivers/STM32F4xx_HAL_Driver/Inc -I../Drivers/STM32F4xx_HAL_Driver/Inc/Legacy -I../Drivers/CMSIS/Device/ST/STM32F4xx/Include -I../Drivers/CMSIS/Include -O0 -ffunction-sections -fdata-sections -Wall -fstack-usage -fcyclomatic-complexity -MMD -MP -MF"Core/Service/serviceBaseDeTemps.d" -MT"Core/Service/serviceBaseDeTemps.o" --specs=nano.specs -mfpu=fpv4-sp-d16 -mfloat-abi=hard -mthumb -o "Core/Service/serviceBaseDeTemps.o"
arm-none-eabi-gcc "../Core/Processus/processusBMS.c" -mcpu=cortex-m4 -std=gnu11 -g3 -DDEBUG -DUSE_HAL_DRIVER -DSTM32F407xx -c -I../Core/Inc -I../Drivers/STM32F4xx_HAL_Driver/Inc -I../Drivers/STM32F4xx_HAL_Driver/Inc/Legacy -I../Drivers/CMSIS/Device/ST/STM32F4xx/Include -I../Drivers/CMSIS/Include -O0 -ffunction-sections -fdata-sections -Wall -fstack-usage -fcyclomatic-complexity -MMD -MP -MF"Core/Processus/processusBMS.d" -MT"Core/Processus/processusBMS.o" --specs=nano.specs -mfpu=fpv4-sp-d16 -mfloat-abi=hard -mthumb -o "Core/Processus/processusBMS.o"
arm-none-eabi-gcc "../Core/Processus/processusClignotant.c" -mcpu=cortex-m4 -std=gnu11 -g3 -DDEBUG -DUSE_HAL_DRIVER -DSTM32F407xx -c -I../Core/Inc -I../Drivers/STM32F4xx_HAL_Driver/Inc -I../Drivers/STM32F4xx_HAL_Driver/Inc/Legacy -I../Drivers/CMSIS/Device/ST/STM32F4xx/Include -I../Drivers/CMSIS/Include -O0 -ffunction-sections -fdata-sections -Wall -fstack-usage -fcyclomatic-complexity -MMD -MP -MF"Core/Processus/processusClignotant.d" -MT"Core/Processus/processusClignotant.o" --specs=nano.specs -mfpu=fpv4-sp-d16 -mfloat-abi=hard -mthumb -o "Core/Processus/processusClignotant.o"
arm-none-eabi-gcc "../Core/Processus/processusEPD.c" -mcpu=cortex-m4 -std=gnu11 -g3 -DDEBUG -DUSE_HAL_DRIVER -DSTM32F407xx -c -I../Core/Inc -I../Drivers/STM32F4xx_HAL_Driver/Inc -I../Drivers/STM32F4xx_HAL_Driver/Inc/Legacy -I../Drivers/CMSIS/Device/ST/STM32F4xx/Include -I../Drivers/CMSIS/Include -O0 -ffunction-sections -fdata-sections -Wall -fstack-usage -fcyclomatic-complexity -MMD -MP -MF"Core/Processus/processusEPD.d" -MT"Core/Processus/processusEPD.o" --specs=nano.specs -mfpu=fpv4-sp-d16 -mfloat-abi=hard -mthumb -o "Core/Processus/processusEPD.o"
arm-none-eabi-gcc "../Core/Pilote/piloteI2C.c" -mcpu=cortex-m4 -std=gnu11 -g3 -DDEBUG -DUSE_HAL_DRIVER -DSTM32F407xx -c -I../Core/Inc -I../Drivers/STM32F4xx_HAL_Driver/Inc -I../Drivers/STM32F4xx_HAL_Driver/Inc/Legacy -I../Drivers/CMSIS/Device/ST/STM32F4xx/Include -I../Drivers/CMSIS/Include -O0 -ffunction-sections -fdata-sections -Wall -fstack-usage -fcyclomatic-complexity -MMD -MP -MF"Core/Pilote/piloteI2C.d" -MT"Core/Pilote/piloteI2C.o" --specs=nano.specs -mfpu=fpv4-sp-d16 -mfloat-abi=hard -mthumb -o "Core/Pilote/piloteI2C.o"
arm-none-eabi-gcc "../Core/Pilote/piloteIOB1.c" -mcpu=cortex-m4 -std=gnu11 -g3 -DDEBUG -DUSE_HAL_DRIVER -DSTM32F407xx -c -I../Core/Inc -I../Drivers/STM32F4xx_HAL_Driver/Inc -I../Drivers/STM32F4xx_HAL_Driver/Inc/Legacy -I../Drivers/CMSIS/Device/ST/STM32F4xx/Include -I../Drivers/CMSIS/Include -O0 -ffunction-sections -fdata-sections -Wall -fstack-usage -fcyclomatic-complexity -MMD -MP -MF"Core/Pilote/piloteIOB1.d" -MT"Core/Pilote/piloteIOB1.o" --specs=nano.specs -mfpu=fpv4-sp-d16 -mfloat-abi=hard -mthumb -o "Core/Pilote/piloteIOB1.o"
arm-none-eabi-gcc "../Core/Pilote/piloteIOT1.c" -mcpu=cortex-m4 -std=gnu11 -g3 -DDEBUG -DUSE_HAL_DRIVER -DSTM32F407xx -c -I../Core/Inc -I../Drivers/STM32F4xx_HAL_Driver/Inc -I../Drivers/STM32F4xx_HAL_Driver/Inc/Legacy -I../Drivers/CMSIS/Device/ST/STM32F4xx/Include -I../Drivers/CMSIS/Include -O0 -ffunction-sections -fdata-sections -Wall -fstack-usage -fcyclomatic-complexity -MMD -MP -MF"Core/Pilote/piloteIOT1.d" -MT"Core/Pilote/piloteIOT1.o" --specs=nano.specs -mfpu=fpv4-sp-d16 -mfloat-abi=hard -mthumb -o "Core/Pilote/piloteIOT1.o"
arm-none-eabi-gcc "../Core/Pilote/piloteIOT2.c" -mcpu=cortex-m4 -std=gnu11 -g3 -DDEBUG -DUSE_HAL_DRIVER -DSTM32F407xx -c -I../Core/Inc -I../Drivers/STM32F4xx_HAL_Driver/Inc -I../Drivers/STM32F4xx_HAL_Driver/Inc/Legacy -I../Drivers/CMSIS/Device/ST/STM32F4xx/Include -I../Drivers/CMSIS/Include -O0 -ffunction-sections -fdata-sections -Wall -fstack-usage -fcyclomatic-complexity -MMD -MP -MF"Core/Pilote/piloteIOT2.d" -MT"Core/Pilote/piloteIOT2.o" --specs=nano.specs -mfpu=fpv4-sp-d16 -mfloat-abi=hard -mthumb -o "Core/Pilote/piloteIOT2.o"
arm-none-eabi-gcc "../Core/Pilote/piloteIOT3.c" -mcpu=cortex-m4 -std=gnu11 -g3 -DDEBUG -DUSE_HAL_DRIVER -DSTM32F407xx -c -I../Core/Inc -I../Drivers/STM32F4xx_HAL_Driver/Inc -I../Drivers/STM32F4xx_HAL_Driver/Inc/Legacy -I../Drivers/CMSIS/Device/ST/STM32F4xx/Include -I../Drivers/CMSIS/Include -O0 -ffunction-sections -fdata-sections -Wall -fstack-usage -fcyclomatic-complexity -MMD -MP -MF"Core/Pilote/piloteIOT3.d" -MT"Core/Pilote/piloteIOT3.o" --specs=nano.specs -mfpu=fpv4-sp-d16 -mfloat-abi=hard -mthumb -o "Core/Pilote/piloteIOT3.o"
arm-none-eabi-gcc "../Core/Pilote/piloteIOT4.c" -mcpu=cortex-m4 -std=gnu11 -g3 -DDEBUG -DUSE_HAL_DRIVER -DSTM32F407xx -c -I../Core/Inc -I../Drivers/STM32F4xx_HAL_Driver/Inc -I../Drivers/STM32F4xx_HAL_Driver/Inc/Legacy -I../Drivers/CMSIS/Device/ST/STM32F4xx/Include -I../Drivers/CMSIS/Include -O0 -ffunction-sections -fdata-sections -Wall -fstack-usage -fcyclomatic-complexity -MMD -MP -MF"Core/Pilote/piloteIOT4.d" -MT"Core/Pilote/piloteIOT4.o" --specs=nano.specs -mfpu=fpv4-sp-d16 -mfloat-abi=hard -mthumb -o "Core/Pilote/piloteIOT4.o"
arm-none-eabi-gcc "../Core/Pilote/piloteSPI.c" -mcpu=cortex-m4 -std=gnu11 -g3 -DDEBUG -DUSE_HAL_DRIVER -DSTM32F407xx -c -I../Core/Inc -I../Drivers/STM32F4xx_HAL_Driver/Inc -I../Drivers/STM32F4xx_HAL_Driver/Inc/Legacy -I../Drivers/CMSIS/Device/ST/STM32F4xx/Include -I../Drivers/CMSIS/Include -O0 -ffunction-sections -fdata-sections -Wall -fstack-usage -fcyclomatic-complexity -MMD -MP -MF"Core/Pilote/piloteSPI.d" -MT"Core/Pilote/piloteSPI.o" --specs=nano.specs -mfpu=fpv4-sp-d16 -mfloat-abi=hard -mthumb -o "Core/Pilote/piloteSPI.o"
arm-none-eabi-gcc "../Core/Pilote/piloteSPI_EPAPER.c" -mcpu=cortex-m4 -std=gnu11 -g3 -DDEBUG -DUSE_HAL_DRIVER -DSTM32F407xx -c -I../Core/Inc -I../Drivers/STM32F4xx_HAL_Driver/Inc -I../Drivers/STM32F4xx_HAL_Driver/Inc/Legacy -I../Drivers/CMSIS/Device/ST/STM32F4xx/Include -I../Drivers/CMSIS/Include -O0 -ffunction-sections -fdata-sections -Wall -fstack-usage -fcyclomatic-complexity -MMD -MP -MF"Core/Pilote/piloteSPI_EPAPER.d" -MT"Core/Pilote/piloteSPI_EPAPER.o" --specs=nano.specs -mfpu=fpv4-sp-d16 -mfloat-abi=hard -mthumb -o "Core/Pilote/piloteSPI_EPAPER.o"
arm-none-eabi-gcc "../Core/Pilote/piloteTimer6Up.c" -mcpu=cortex-m4 -std=gnu11 -g3 -DDEBUG -DUSE_HAL_DRIVER -DSTM32F407xx -c -I../Core/Inc -I../Drivers/STM32F4xx_HAL_Driver/Inc -I../Drivers/STM32F4xx_HAL_Driver/Inc/Legacy -I../Drivers/CMSIS/Device/ST/STM32F4xx/Include -I../Drivers/CMSIS/Include -O0 -ffunction-sections -fdata-sections -Wall -fstack-usage -fcyclomatic-complexity -MMD -MP -MF"Core/Pilote/piloteTimer6Up.d" -MT"Core/Pilote/piloteTimer6Up.o" --specs=nano.specs -mfpu=fpv4-sp-d16 -mfloat-abi=hard -mthumb -o "Core/Pilote/piloteTimer6Up.o"
arm-none-eabi-gcc "../Core/Interface/EPD_352_Interface.c" -mcpu=cortex-m4 -std=gnu11 -g3 -DDEBUG -DUSE_HAL_DRIVER -DSTM32F407xx -c -I../Core/Inc -I../Drivers/STM32F4xx_HAL_Driver/Inc -I../Drivers/STM32F4xx_HAL_Driver/Inc/Legacy -I../Drivers/CMSIS/Device/ST/STM32F4xx/Include -I../Drivers/CMSIS/Include -O0 -ffunction-sections -fdata-sections -Wall -fstack-usage -fcyclomatic-complexity -MMD -MP -MF"Core/Interface/EPD_352_Interface.d" -MT"Core/Interface/EPD_352_Interface.o" --specs=nano.specs -mfpu=fpv4-sp-d16 -mfloat-abi=hard -mthumb -o "Core/Interface/EPD_352_Interface.o"
arm-none-eabi-gcc "../Core/Interface/interfaceB1.c" -mcpu=cortex-m4 -std=gnu11 -g3 -DDEBUG -DUSE_HAL_DRIVER -DSTM32F407xx -c -I../Core/Inc -I../Drivers/STM32F4xx_HAL_Driver/Inc -I../Drivers/STM32F4xx_HAL_Driver/Inc/Legacy -I../Drivers/CMSIS/Device/ST/STM32F4xx/Include -I../Drivers/CMSIS/Include -O0 -ffunction-sections -fdata-sections -Wall -fstack-usage -fcyclomatic-complexity -MMD -MP -MF"Core/Interface/interfaceB1.d" -MT"Core/Interface/interfaceB1.o" --specs=nano.specs -mfpu=fpv4-sp-d16 -mfloat-abi=hard -mthumb -o "Core/Interface/interfaceB1.o"
arm-none-eabi-gcc "../Core/Interface/interface_LED3_Orange.c" -mcpu=cortex-m4 -std=gnu11 -g3 -DDEBUG -DUSE_HAL_DRIVER -DSTM32F407xx -c -I../Core/Inc -I../Drivers/STM32F4xx_HAL_Driver/Inc -I../Drivers/STM32F4xx_HAL_Driver/Inc/Legacy -I../Drivers/CMSIS/Device/ST/STM32F4xx/Include -I../Drivers/CMSIS/Include -O0 -ffunction-sections -fdata-sections -Wall -fstack-usage -fcyclomatic-complexity -MMD -MP -MF"Core/Interface/interface_LED3_Orange.d" -MT"Core/Interface/interface_LED3_Orange.o" --specs=nano.specs -mfpu=fpv4-sp-d16 -mfloat-abi=hard -mthumb -o "Core/Interface/interface_LED3_Orange.o"
arm-none-eabi-gcc "../Core/Interface/interface_LED4_Vert.c" -mcpu=cortex-m4 -std=gnu11 -g3 -DDEBUG -DUSE_HAL_DRIVER -DSTM32F407xx -c -I../Core/Inc -I../Drivers/STM32F4xx_HAL_Driver/Inc -I../Drivers/STM32F4xx_HAL_Driver/Inc/Legacy -I../Drivers/CMSIS/Device/ST/STM32F4xx/Include -I../Drivers/CMSIS/Include -O0 -ffunction-sections -fdata-sections -Wall -fstack-usage -fcyclomatic-complexity -MMD -MP -MF"Core/Interface/interface_LED4_Vert.d" -MT"Core/Interface/interface_LED4_Vert.o" --specs=nano.specs -mfpu=fpv4-sp-d16 -mfloat-abi=hard -mthumb -o "Core/Interface/interface_LED4_Vert.o"
arm-none-eabi-gcc "../Core/Interface/interface_LED5_Rouge.c" -mcpu=cortex-m4 -std=gnu11 -g3 -DDEBUG -DUSE_HAL_DRIVER -DSTM32F407xx -c -I../Core/Inc -I../Drivers/STM32F4xx_HAL_Driver/Inc -I../Drivers/STM32F4xx_HAL_Driver/Inc/Legacy -I../Drivers/CMSIS/Device/ST/STM32F4xx/Include -I../Drivers/CMSIS/Include -O0 -ffunction-sections -fdata-sections -Wall -fstack-usage -fcyclomatic-complexity -MMD -MP -MF"Core/Interface/interface_LED5_Rouge.d" -MT"Core/Interface/interface_LED5_Rouge.o" --specs=nano.specs -mfpu=fpv4-sp-d16 -mfloat-abi=hard -mthumb -o "Core/Interface/interface_LED5_Rouge.o"
arm-none-eabi-gcc "../Core/Interface/interface_LED6_Blue.c" -mcpu=cortex-m4 -std=gnu11 -g3 -DDEBUG -DUSE_HAL_DRIVER -DSTM32F407xx -c -I../Core/Inc -I../Drivers/STM32F4xx_HAL_Driver/Inc -I../Drivers/STM32F4xx_HAL_Driver/Inc/Legacy -I../Drivers/CMSIS/Device/ST/STM32F4xx/Include -I../Drivers/CMSIS/Include -O0 -ffunction-sections -fdata-sections -Wall -fstack-usage -fcyclomatic-complexity -MMD -MP -MF"Core/Interface/interface_LED6_Blue.d" -MT"Core/Interface/interface_LED6_Blue.o" --specs=nano.specs -mfpu=fpv4-sp-d16 -mfloat-abi=hard -mthumb -o "Core/Interface/interface_LED6_Blue.o"
arm-none-eabi-g++ -o "BMS_MTP_VB.00.elf" @"objects.list"   -mcpu=cortex-m4 -T"D:\Sonia_git\hardware_index_sonia1\BMS_LOG\Software\STM32-DISC1\BMS_MTP_VB.00\BMS_MTP_VB.00\STM32F407VGTX_FLASH.ld" --specs=nosys.specs -Wl,-Map="BMS_MTP_VB.00.map" -Wl,--gc-sections -static --specs=nano.specs -mfpu=fpv4-sp-d16 -mfloat-abi=hard -mthumb -Wl,--start-group -lc -lm -lstdc++ -lsupc++ -Wl,--end-group
Finished building target: BMS_MTP_VB.00.elf
 
arm-none-eabi-size  BMS_MTP_VB.00.elf 
arm-none-eabi-objdump -h -S BMS_MTP_VB.00.elf  > "BMS_MTP_VB.00.list"
   text	   data	    bss	    dec	    hex	filename
  22036	     12	  59084	  81132	  13cec	BMS_MTP_VB.00.elf
Finished building: default.size.stdout
 
Finished building: BMS_MTP_VB.00.list
 
18:57:48 **** Incremental Build of configuration Debug for project BMS_MTP_VB.00 ****
make -j16 all 
arm-none-eabi-gcc "../Core/Src/main.c" -mcpu=cortex-m4 -std=gnu11 -g3 -DDEBUG -DUSE_HAL_DRIVER -DSTM32F407xx -c -I../Core/Inc -I../Drivers/STM32F4xx_HAL_Driver/Inc -I../Drivers/STM32F4xx_HAL_Driver/Inc/Legacy -I../Drivers/CMSIS/Device/ST/STM32F4xx/Include -I../Drivers/CMSIS/Include -O0 -ffunction-sections -fdata-sections -Wall -fstack-usage -fcyclomatic-complexity -MMD -MP -MF"Core/Src/main.d" -MT"Core/Src/main.o" --specs=nano.specs -mfpu=fpv4-sp-d16 -mfloat-abi=hard -mthumb -o "Core/Src/main.o"
arm-none-eabi-gcc "../Core/Processus/processusEPD.c" -mcpu=cortex-m4 -std=gnu11 -g3 -DDEBUG -DUSE_HAL_DRIVER -DSTM32F407xx -c -I../Core/Inc -I../Drivers/STM32F4xx_HAL_Driver/Inc -I../Drivers/STM32F4xx_HAL_Driver/Inc/Legacy -I../Drivers/CMSIS/Device/ST/STM32F4xx/Include -I../Drivers/CMSIS/Include -O0 -ffunction-sections -fdata-sections -Wall -fstack-usage -fcyclomatic-complexity -MMD -MP -MF"Core/Processus/processusEPD.d" -MT"Core/Processus/processusEPD.o" --specs=nano.specs -mfpu=fpv4-sp-d16 -mfloat-abi=hard -mthumb -o "Core/Processus/processusEPD.o"
arm-none-eabi-gcc "../Core/Interface/EPD_352_Interface.c" -mcpu=cortex-m4 -std=gnu11 -g3 -DDEBUG -DUSE_HAL_DRIVER -DSTM32F407xx -c -I../Core/Inc -I../Drivers/STM32F4xx_HAL_Driver/Inc -I../Drivers/STM32F4xx_HAL_Driver/Inc/Legacy -I../Drivers/CMSIS/Device/ST/STM32F4xx/Include -I../Drivers/CMSIS/Include -O0 -ffunction-sections -fdata-sections -Wall -fstack-usage -fcyclomatic-complexity -MMD -MP -MF"Core/Interface/EPD_352_Interface.d" -MT"Core/Interface/EPD_352_Interface.o" --specs=nano.specs -mfpu=fpv4-sp-d16 -mfloat-abi=hard -mthumb -o "Core/Interface/EPD_352_Interface.o"
arm-none-eabi-g++ -o "BMS_MTP_VB.00.elf" @"objects.list"   -mcpu=cortex-m4 -T"D:\Sonia_git\hardware_index_sonia1\BMS_LOG\Software\STM32-DISC1\BMS_MTP_VB.00\BMS_MTP_VB.00\STM32F407VGTX_FLASH.ld" --specs=nosys.specs -Wl,-Map="BMS_MTP_VB.00.map" -Wl,--gc-sections -static --specs=nano.specs -mfpu=fpv4-sp-d16 -mfloat-abi=hard -mthumb -Wl,--start-group -lc -lm -lstdc++ -lsupc++ -Wl,--end-group
Finished building target: BMS_MTP_VB.00.elf
 
arm-none-eabi-size  BMS_MTP_VB.00.elf 
arm-none-eabi-objdump -h -S BMS_MTP_VB.00.elf  > "BMS_MTP_VB.00.list"
   text	   data	    bss	    dec	    hex	filename
  22076	     12	  59084	  81172	  13d14	BMS_MTP_VB.00.elf
Finished building: default.size.stdout
 
Finished building: BMS_MTP_VB.00.list
 
18:59:27 **** Incremental Build of configuration Debug for project BMS_MTP_VB.00 ****
make -j16 all 
arm-none-eabi-gcc "../Core/Interface/EPD_352_Interface.c" -mcpu=cortex-m4 -std=gnu11 -g3 -DDEBUG -DUSE_HAL_DRIVER -DSTM32F407xx -c -I../Core/Inc -I../Drivers/STM32F4xx_HAL_Driver/Inc -I../Drivers/STM32F4xx_HAL_Driver/Inc/Legacy -I../Drivers/CMSIS/Device/ST/STM32F4xx/Include -I../Drivers/CMSIS/Include -O0 -ffunction-sections -fdata-sections -Wall -fstack-usage -fcyclomatic-complexity -MMD -MP -MF"Core/Interface/EPD_352_Interface.d" -MT"Core/Interface/EPD_352_Interface.o" --specs=nano.specs -mfpu=fpv4-sp-d16 -mfloat-abi=hard -mthumb -o "Core/Interface/EPD_352_Interface.o"
arm-none-eabi-g++ -o "BMS_MTP_VB.00.elf" @"objects.list"   -mcpu=cortex-m4 -T"D:\Sonia_git\hardware_index_sonia1\BMS_LOG\Software\STM32-DISC1\BMS_MTP_VB.00\BMS_MTP_VB.00\STM32F407VGTX_FLASH.ld" --specs=nosys.specs -Wl,-Map="BMS_MTP_VB.00.map" -Wl,--gc-sections -static --specs=nano.specs -mfpu=fpv4-sp-d16 -mfloat-abi=hard -mthumb -Wl,--start-group -lc -lm -lstdc++ -lsupc++ -Wl,--end-group
Finished building target: BMS_MTP_VB.00.elf
 
arm-none-eabi-size  BMS_MTP_VB.00.elf 
arm-none-eabi-objdump -h -S BMS_MTP_VB.00.elf  > "BMS_MTP_VB.00.list"
   text	   data	    bss	    dec	    hex	filename
  22084	     12	  59084	  81180	  13d1c	BMS_MTP_VB.00.elf
Finished building: default.size.stdout
 
Finished building: BMS_MTP_VB.00.list
 
18:59:40 **** Incremental Build of configuration Debug for project BMS_MTP_VB.00 ****
make -j16 all 
arm-none-eabi-size  BMS_MTP_VB.00.elf 
   text	   data	    bss	    dec	    hex	filename
  22084	     12	  59084	  81180	  13d1c	BMS_MTP_VB.00.elf
Finished building: default.size.stdout
 
19:04:50 **** Incremental Build of configuration Debug for project BMS_MTP_VB.00 ****
make -j16 all 
arm-none-eabi-gcc "../Core/Interface/EPD_352_Interface.c" -mcpu=cortex-m4 -std=gnu11 -g3 -DDEBUG -DUSE_HAL_DRIVER -DSTM32F407xx -c -I../Core/Inc -I../Drivers/STM32F4xx_HAL_Driver/Inc -I../Drivers/STM32F4xx_HAL_Driver/Inc/Legacy -I../Drivers/CMSIS/Device/ST/STM32F4xx/Include -I../Drivers/CMSIS/Include -O0 -ffunction-sections -fdata-sections -Wall -fstack-usage -fcyclomatic-complexity -MMD -MP -MF"Core/Interface/EPD_352_Interface.d" -MT"Core/Interface/EPD_352_Interface.o" --specs=nano.specs -mfpu=fpv4-sp-d16 -mfloat-abi=hard -mthumb -o "Core/Interface/EPD_352_Interface.o"
../Core/Interface/EPD_352_Interface.c: In function 'interfaceEPD_Delay2_MS':
../Core/Interface/EPD_352_Interface.c:425:58: error: 'interface_delay_safetycooldown' undeclared (first use in this function)
  425 |         serviceBaseDeTemps_execute[INTERFACEEPD_PHASE] = interface_delay_safetycooldown;
      |                                                          ^~~~~~~~~~~~~~~~~~~~~~~~~~~~~~
../Core/Interface/EPD_352_Interface.c:425:58: note: each undeclared identifier is reported only once for each function it appears in
make: *** [Core/Interface/subdir.mk:34: Core/Interface/EPD_352_Interface.o] Error 1
"make -j16 all" terminated with exit code 2. Build might be incomplete.
19:05:04 **** Incremental Build of configuration Debug for project BMS_MTP_VB.00 ****
make -j16 all 
arm-none-eabi-gcc "../Core/Src/main.c" -mcpu=cortex-m4 -std=gnu11 -g3 -DDEBUG -DUSE_HAL_DRIVER -DSTM32F407xx -c -I../Core/Inc -I../Drivers/STM32F4xx_HAL_Driver/Inc -I../Drivers/STM32F4xx_HAL_Driver/Inc/Legacy -I../Drivers/CMSIS/Device/ST/STM32F4xx/Include -I../Drivers/CMSIS/Include -O0 -ffunction-sections -fdata-sections -Wall -fstack-usage -fcyclomatic-complexity -MMD -MP -MF"Core/Src/main.d" -MT"Core/Src/main.o" --specs=nano.specs -mfpu=fpv4-sp-d16 -mfloat-abi=hard -mthumb -o "Core/Src/main.o"
arm-none-eabi-gcc "../Core/Processus/processusEPD.c" -mcpu=cortex-m4 -std=gnu11 -g3 -DDEBUG -DUSE_HAL_DRIVER -DSTM32F407xx -c -I../Core/Inc -I../Drivers/STM32F4xx_HAL_Driver/Inc -I../Drivers/STM32F4xx_HAL_Driver/Inc/Legacy -I../Drivers/CMSIS/Device/ST/STM32F4xx/Include -I../Drivers/CMSIS/Include -O0 -ffunction-sections -fdata-sections -Wall -fstack-usage -fcyclomatic-complexity -MMD -MP -MF"Core/Processus/processusEPD.d" -MT"Core/Processus/processusEPD.o" --specs=nano.specs -mfpu=fpv4-sp-d16 -mfloat-abi=hard -mthumb -o "Core/Processus/processusEPD.o"
arm-none-eabi-gcc "../Core/Interface/EPD_352_Interface.c" -mcpu=cortex-m4 -std=gnu11 -g3 -DDEBUG -DUSE_HAL_DRIVER -DSTM32F407xx -c -I../Core/Inc -I../Drivers/STM32F4xx_HAL_Driver/Inc -I../Drivers/STM32F4xx_HAL_Driver/Inc/Legacy -I../Drivers/CMSIS/Device/ST/STM32F4xx/Include -I../Drivers/CMSIS/Include -O0 -ffunction-sections -fdata-sections -Wall -fstack-usage -fcyclomatic-complexity -MMD -MP -MF"Core/Interface/EPD_352_Interface.d" -MT"Core/Interface/EPD_352_Interface.o" --specs=nano.specs -mfpu=fpv4-sp-d16 -mfloat-abi=hard -mthumb -o "Core/Interface/EPD_352_Interface.o"
arm-none-eabi-g++ -o "BMS_MTP_VB.00.elf" @"objects.list"   -mcpu=cortex-m4 -T"D:\Sonia_git\hardware_index_sonia1\BMS_LOG\Software\STM32-DISC1\BMS_MTP_VB.00\BMS_MTP_VB.00\STM32F407VGTX_FLASH.ld" --specs=nosys.specs -Wl,-Map="BMS_MTP_VB.00.map" -Wl,--gc-sections -static --specs=nano.specs -mfpu=fpv4-sp-d16 -mfloat-abi=hard -mthumb -Wl,--start-group -lc -lm -lstdc++ -lsupc++ -Wl,--end-group
Finished building target: BMS_MTP_VB.00.elf
 
arm-none-eabi-size  BMS_MTP_VB.00.elf 
arm-none-eabi-objdump -h -S BMS_MTP_VB.00.elf  > "BMS_MTP_VB.00.list"
   text	   data	    bss	    dec	    hex	filename
  22148	     12	  59084	  81244	  13d5c	BMS_MTP_VB.00.elf
Finished building: default.size.stdout
 
Finished building: BMS_MTP_VB.00.list
 
